Component: ARM Compiler 5.06 update 6 (build 750) Tool: armlink [4d35ed]

==============================================================================

Section Cross References

    startup_stm32f407xx.o(STACK) refers (Special) to heapauxi.o(.text) for __use_two_region_memory
    startup_stm32f407xx.o(HEAP) refers (Special) to heapauxi.o(.text) for __use_two_region_memory
    startup_stm32f407xx.o(RESET) refers (Special) to heapauxi.o(.text) for __use_two_region_memory
    startup_stm32f407xx.o(RESET) refers to startup_stm32f407xx.o(STACK) for __initial_sp
    startup_stm32f407xx.o(RESET) refers to startup_stm32f407xx.o(.text) for Reset_Handler
    startup_stm32f407xx.o(RESET) refers to stm32f4xx_it.o(i.NMI_Handler) for NMI_Handler
    startup_stm32f407xx.o(RESET) refers to stm32f4xx_it.o(i.HardFault_Handler) for HardFault_Handler
    startup_stm32f407xx.o(RESET) refers to stm32f4xx_it.o(i.MemManage_Handler) for MemManage_Handler
    startup_stm32f407xx.o(RESET) refers to stm32f4xx_it.o(i.BusFault_Handler) for BusFault_Handler
    startup_stm32f407xx.o(RESET) refers to stm32f4xx_it.o(i.UsageFault_Handler) for UsageFault_Handler
    startup_stm32f407xx.o(RESET) refers to stm32f4xx_it.o(i.SVC_Handler) for SVC_Handler
    startup_stm32f407xx.o(RESET) refers to stm32f4xx_it.o(i.DebugMon_Handler) for DebugMon_Handler
    startup_stm32f407xx.o(RESET) refers to stm32f4xx_it.o(i.PendSV_Handler) for PendSV_Handler
    startup_stm32f407xx.o(RESET) refers to stm32f4xx_it.o(i.SysTick_Handler) for SysTick_Handler
    startup_stm32f407xx.o(RESET) refers to stm32f4xx_it.o(i.USART1_IRQHandler) for USART1_IRQHandler
    startup_stm32f407xx.o(RESET) refers to stm32f4xx_it.o(i.DMA2_Stream0_IRQHandler) for DMA2_Stream0_IRQHandler
    startup_stm32f407xx.o(RESET) refers to stm32f4xx_it.o(i.USART6_IRQHandler) for USART6_IRQHandler
    startup_stm32f407xx.o(.text) refers (Special) to heapauxi.o(.text) for __use_two_region_memory
    startup_stm32f407xx.o(.text) refers to system_stm32f4xx.o(i.SystemInit) for SystemInit
    startup_stm32f407xx.o(.text) refers to __main.o(!!!main) for __main
    startup_stm32f407xx.o(.text) refers to startup_stm32f407xx.o(HEAP) for Heap_Mem
    startup_stm32f407xx.o(.text) refers to startup_stm32f407xx.o(STACK) for Stack_Mem
    main.o(i.HAL_UART_RxCpltCallback) refers to rt_memclr.o(.text) for __aeabi_memclr
    main.o(i.HAL_UART_RxCpltCallback) refers to strncpy.o(.text) for strncpy
    main.o(i.HAL_UART_RxCpltCallback) refers to main.o(.data) for .data
    main.o(i.HAL_UART_RxCpltCallback) refers to main.o(.bss) for .bss
    main.o(i.HAL_UART_RxCpltCallback) refers to communication.o(.data) for flagRx
    main.o(i.MX_ADC1_Init) refers to stm32f4xx_hal_adc.o(i.HAL_ADC_Init) for HAL_ADC_Init
    main.o(i.MX_ADC1_Init) refers to stm32f4xx_hal_adc.o(i.HAL_ADC_ConfigChannel) for HAL_ADC_ConfigChannel
    main.o(i.MX_ADC1_Init) refers to main.o(.bss) for .bss
    main.o(i.MX_GPIO_Init) refers to rt_memclr_w.o(.text) for __aeabi_memclr4
    main.o(i.MX_GPIO_Init) refers to stm32f4xx_hal_gpio.o(i.HAL_GPIO_WritePin) for HAL_GPIO_WritePin
    main.o(i.MX_GPIO_Init) refers to stm32f4xx_hal_gpio.o(i.HAL_GPIO_Init) for HAL_GPIO_Init
    main.o(i.SystemClock_Config) refers to rt_memclr_w.o(.text) for __aeabi_memclr4
    main.o(i.SystemClock_Config) refers to stm32f4xx_hal_rcc.o(i.HAL_RCC_OscConfig) for HAL_RCC_OscConfig
    main.o(i.SystemClock_Config) refers to stm32f4xx_hal_rcc.o(i.HAL_RCC_ClockConfig) for HAL_RCC_ClockConfig
    main.o(i.main) refers to _printf_percent.o(.ARM.Collect$$_printf_percent$$00000000) for _printf_percent
    main.o(i.main) refers to _printf_d.o(.ARM.Collect$$_printf_percent$$00000009) for _printf_d
    main.o(i.main) refers to _printf_dec.o(.text) for _printf_int_dec
    main.o(i.main) refers to stm32f4xx_hal.o(i.HAL_Init) for HAL_Init
    main.o(i.main) refers to main.o(i.SystemClock_Config) for SystemClock_Config
    main.o(i.main) refers to main.o(i.MX_GPIO_Init) for MX_GPIO_Init
    main.o(i.main) refers to stm32f4xx_hal_i2c.o(i.HAL_I2C_Init) for HAL_I2C_Init
    main.o(i.main) refers to stm32f4xx_hal_uart.o(i.HAL_UART_Init) for HAL_UART_Init
    main.o(i.main) refers to stm32f4xx_hal_cortex.o(i.HAL_NVIC_SetPriority) for HAL_NVIC_SetPriority
    main.o(i.main) refers to stm32f4xx_hal_cortex.o(i.HAL_NVIC_EnableIRQ) for HAL_NVIC_EnableIRQ
    main.o(i.main) refers to main.o(i.MX_ADC1_Init) for MX_ADC1_Init
    main.o(i.main) refers to stm32f4xx_hal_adc.o(i.HAL_ADC_Start_DMA) for HAL_ADC_Start_DMA
    main.o(i.main) refers to lcd_lib.o(i.LCD_Init) for LCD_Init
    main.o(i.main) refers to lcd_lib.o(i.LCD_CursorSet) for LCD_CursorSet
    main.o(i.main) refers to lcd_lib.o(i.LCD_Putsxy) for LCD_Putsxy
    main.o(i.main) refers to stm32f4xx_hal.o(i.HAL_Delay) for HAL_Delay
    main.o(i.main) refers to lcd_lib.o(i.LCD_Clear) for LCD_Clear
    main.o(i.main) refers to sensor.o(i.modeCrossWire) for modeCrossWire
[...]
    ADC_DMAHalfConvCplt                      0x0800165f   Thumb Code    10  stm32f4xx_hal_adc.o(i.ADC_DMAHalfConvCplt)
    i.ADC_Init                               0x08001668   Section        0  stm32f4xx_hal_adc.o(i.ADC_Init)
    ADC_Init                                 0x08001669   Thumb Code   284  stm32f4xx_hal_adc.o(i.ADC_Init)
    i.BusFault_Handler                       0x08001790   Section        0  stm32f4xx_it.o(i.BusFault_Handler)
    i.DMA2_Stream0_IRQHandler                0x08001794   Section        0  stm32f4xx_it.o(i.DMA2_Stream0_IRQHandler)
    i.DMA_CalcBaseAndBitshift                0x080017a0   Section        0  stm32f4xx_hal_dma.o(i.DMA_CalcBaseAndBitshift)
    DMA_CalcBaseAndBitshift                  0x080017a1   Thumb Code    34  stm32f4xx_hal_dma.o(i.DMA_CalcBaseAndBitshift)
    i.DMA_CheckFifoParam                     0x080017c8   Section        0  stm32f4xx_hal_dma.o(i.DMA_CheckFifoParam)
    DMA_CheckFifoParam                       0x080017c9   Thumb Code    84  stm32f4xx_hal_dma.o(i.DMA_CheckFifoParam)
    i.DMA_SetConfig                          0x0800181c   Section        0  stm32f4xx_hal_dma.o(i.DMA_SetConfig)
    DMA_SetConfig                            0x0800181d   Thumb Code    40  stm32f4xx_hal_dma.o(i.DMA_SetConfig)
    i.DWT_Delay                              0x08001844   Section        0  dwt_delay.o(i.DWT_Delay)
    i.DWT_Delayms                            0x0800186c   Section        0  dwt_delay.o(i.DWT_Delayms)
    i.DWT_Init                               0x08001894   Section        0  dwt_delay.o(i.DWT_Init)
    i.DebugMon_Handler                       0x080018bc   Section        0  stm32f4xx_it.o(i.DebugMon_Handler)
    i.Error_Handler                          0x080018be   Section        0  main.o(i.Error_Handler)
    i.HAL_ADC_ConfigChannel                  0x080018c4   Section        0  stm32f4xx_hal_adc.o(i.HAL_ADC_ConfigChannel)
    i.HAL_ADC_ConvCpltCallback               0x08001a10   Section        0  stm32f4xx_hal_adc.o(i.HAL_ADC_ConvCpltCallback)
    i.HAL_ADC_ConvHalfCpltCallback           0x08001a12   Section        0  stm32f4xx_hal_adc.o(i.HAL_ADC_ConvHalfCpltCallback)
    i.HAL_ADC_ErrorCallback                  0x08001a14   Section        0  stm32f4xx_hal_adc.o(i.HAL_ADC_ErrorCallback)
    i.HAL_ADC_Init                           0x08001a16   Section        0  stm32f4xx_hal_adc.o(i.HAL_ADC_Init)
    i.HAL_ADC_MspInit                        0x08001a6c   Section        0  stm32f4xx_hal_msp.o(i.HAL_ADC_MspInit)
    i.HAL_ADC_Start_DMA                      0x08001b48   Section        0  stm32f4xx_hal_adc.o(i.HAL_ADC_Start_DMA)
    i.HAL_DMA_Abort                          0x08001c9c   Section        0  stm32f4xx_hal_dma.o(i.HAL_DMA_Abort)
    i.HAL_DMA_Abort_IT                       0x08001d2e   Section        0  stm32f4xx_hal_dma.o(i.HAL_DMA_Abort_IT)
    i.HAL_DMA_IRQHandler                     0x08001d54   Section        0  stm32f4xx_hal_dma.o(i.HAL_DMA_IRQHandler)
    i.HAL_DMA_Init                           0x08001ef4   Section        0  stm32f4xx_hal_dma.o(i.HAL_DMA_Init)
    i.HAL_DMA_Start_IT                       0x08001fc8   Section        0  stm32f4xx_hal_dma.o(i.HAL_DMA_Start_IT)
    i.HAL_Delay                              0x08002038   Section        0  stm32f4xx_hal.o(i.HAL_Delay)
    i.HAL_GPIO_Init                          0x0800205c   Section        0  stm32f4xx_hal_gpio.o(i.HAL_GPIO_Init)
    i.HAL_GPIO_ReadPin                       0x0800224c   Section        0  stm32f4xx_hal_gpio.o(i.HAL_GPIO_ReadPin)
    i.HAL_GPIO_TogglePin                     0x08002256   Section        0  stm32f4xx_hal_gpio.o(i.HAL_GPIO_TogglePin)
    i.HAL_GPIO_WritePin                      0x08002266   Section        0  stm32f4xx_hal_gpio.o(i.HAL_GPIO_WritePin)
    i.HAL_GetTick                            0x08002270   Section        0  stm32f4xx_hal.o(i.HAL_GetTick)
    i.HAL_I2C_Init                           0x0800227c   Section        0  stm32f4xx_hal_i2c.o(i.HAL_I2C_Init)
    i.HAL_I2C_MspInit                        0x08002404   Section        0  stm32f4xx_hal_msp.o(i.HAL_I2C_MspInit)
    i.HAL_IncTick                            0x08002470   Section        0  stm32f4xx_hal.o(i.HAL_IncTick)
    i.HAL_Init                               0x08002480   Section        0  stm32f4xx_hal.o(i.HAL_Init)
    i.HAL_InitTick                           0x080024b4   Section        0  stm32f4xx_hal.o(i.HAL_InitTick)
    i.HAL_MspInit                            0x080024f4   Section        0  stm32f4xx_hal_msp.o(i.HAL_MspInit)
    i.HAL_NVIC_EnableIRQ                     0x08002524   Section        0  stm32f4xx_hal_cortex.o(i.HAL_NVIC_EnableIRQ)
    i.HAL_NVIC_SetPriority                   0x08002540   Section        0  stm32f4xx_hal_cortex.o(i.HAL_NVIC_SetPriority)
    i.HAL_NVIC_SetPriorityGrouping           0x08002580   Section        0  stm32f4xx_hal_cortex.o(i.HAL_NVIC_SetPriorityGrouping)
    i.HAL_RCC_ClockConfig                    0x080025a4   Section        0  stm32f4xx_hal_rcc.o(i.HAL_RCC_ClockConfig)
    i.HAL_RCC_GetPCLK1Freq                   0x080026d8   Section        0  stm32f4xx_hal_rcc.o(i.HAL_RCC_GetPCLK1Freq)
    i.HAL_RCC_GetPCLK2Freq                   0x080026f8   Section        0  stm32f4xx_hal_rcc.o(i.HAL_RCC_GetPCLK2Freq)
    i.HAL_RCC_GetSysClockFreq                0x08002718   Section        0  stm32f4xx_hal_rcc.o(i.HAL_RCC_GetSysClockFreq)
    i.HAL_RCC_OscConfig                      0x0800277c   Section        0  stm32f4xx_hal_rcc.o(i.HAL_RCC_OscConfig)
    i.HAL_SYSTICK_Config                     0x08002ae8   Section        0  stm32f4xx_hal_cortex.o(i.HAL_SYSTICK_Config)
    i.HAL_UARTEx_RxEventCallback             0x08002b10   Section        0  stm32f4xx_hal_uart.o(i.HAL_UARTEx_RxEventCallback)
    i.HAL_UART_ErrorCallback                 0x08002b12   Section        0  stm32f4xx_hal_uart.o(i.HAL_UART_ErrorCallback)
    i.HAL_UART_IRQHandler                    0x08002b14   Section        0  stm32f4xx_hal_uart.o(i.HAL_UART_IRQHandler)
    i.HAL_UART_Init                          0x08002d7c   Section        0  stm32f4xx_hal_uart.o(i.HAL_UART_Init)
    i.HAL_UART_MspInit                       0x08002de0   Section        0  stm32f4xx_hal_msp.o(i.HAL_UART_MspInit)
    i.HAL_UART_Receive_IT                    0x08002ea8   Section        0  stm32f4xx_hal_uart.o(i.HAL_UART_Receive_IT)
    i.HAL_UART_RxCpltCallback                0x08002ed4   Section        0  main.o(i.HAL_UART_RxCpltCallback)
    i.HAL_UART_TxCpltCallback                0x08002f24   Section        0  main.o(i.HAL_UART_TxCpltCallback)
    i.HardFault_Handler                      0x08002f26   Section        0  stm32f4xx_it.o(i.HardFault_Handler)
    i.LCD_BlinkOff                           0x08002f28   Section        0  lcd_lib.o(i.LCD_BlinkOff)
    i.LCD_BlinkOn                            0x08002f40   Section        0  lcd_lib.o(i.LCD_BlinkOn)
    i.LCD_Clear                              0x08002f58   Section        0  lcd_lib.o(i.LCD_Clear)
    i.LCD_Cmd                                0x08002f6c   Section        0  lcd_lib.o(i.LCD_Cmd)
    LCD_Cmd                                  0x08002f6d   Thumb Code    34  lcd_lib.o(i.LCD_Cmd)
    i.LCD_Cmd4bit                            0x08002f94   Section        0  lcd_lib.o(i.LCD_Cmd4bit)
    LCD_Cmd4bit                              0x08002f95   Thumb Code   124  lcd_lib.o(i.LCD_Cmd4bit)
    i.LCD_CursorSet                          0x08003014   Section        0  lcd_lib.o(i.LCD_CursorSet)
    i.LCD_Data                               0x08003044   Section        0  lcd_lib.o(i.LCD_Data)
    LCD_Data                                 0x08003045   Thumb Code    32  lcd_lib.o(i.LCD_Data)
    i.LCD_DisplayOn                          0x08003068   Section        0  lcd_lib.o(i.LCD_DisplayOn)
    i.LCD_Init                               0x08003080   Section        0  lcd_lib.o(i.LCD_Init)
    i.LCD_InitPins                           0x08003110   Section        0  lcd_lib.o(i.LCD_InitPins)
    LCD_InitPins                             0x08003111   Thumb Code   122  lcd_lib.o(i.LCD_InitPins)
    i.LCD_Puts                               0x08003198   Section        0  lcd_lib.o(i.LCD_Puts)
    i.LCD_Putsxy                             0x08003218   Section        0  lcd_lib.o(i.LCD_Putsxy)
    i.MX_ADC1_Init                           0x08003274   Section        0  main.o(i.MX_ADC1_Init)
    MX_ADC1_Init                             0x08003275   Thumb Code   414  main.o(i.MX_ADC1_Init)
    i.MX_GPIO_Init                           0x08003420   Section        0  main.o(i.MX_GPIO_Init)
    MX_GPIO_Init                             0x08003421   Thumb Code   370  main.o(i.MX_GPIO_Init)
    i.MemManage_Handler                      0x080035b0   Section        0  stm32f4xx_it.o(i.MemManage_Handler)
    i.NMI_Handler                            0x080035b2   Section        0  stm32f4xx_it.o(i.NMI_Handler)
    i.PendSV_Handler                         0x080035b4   Section        0  stm32f4xx_it.o(i.PendSV_Handler)
    i.SVC_Handler                            0x080035b6   Section        0  stm32f4xx_it.o(i.SVC_Handler)
    i.SysTick_Handler                        0x080035b8   Section        0  stm32f4xx_it.o(i.SysTick_Handler)
    i.SystemClock_Config                     0x080035c8   Section        0  main.o(i.SystemClock_Config)
    i.SystemInit                             0x0800365c   Section        0  system_stm32f4xx.o(i.SystemInit)
    i.UART_DMAAbortOnError                   0x0800366c   Section        0  stm32f4xx_hal_uart.o(i.UART_DMAAbortOnError)
    UART_DMAAbortOnError                     0x0800366d   Thumb Code    16  stm32f4xx_hal_uart.o(i.UART_DMAAbortOnError)
    i.UART_EndRxTransfer                     0x0800367c   Section        0  stm32f4xx_hal_uart.o(i.UART_EndRxTransfer)
    UART_EndRxTransfer                       0x0800367d   Thumb Code    78  stm32f4xx_hal_uart.o(i.UART_EndRxTransfer)
    i.UART_Receive_IT                        0x080036ca   Section        0  stm32f4xx_hal_uart.o(i.UART_Receive_IT)
    UART_Receive_IT                          0x080036cb   Thumb Code   192  stm32f4xx_hal_uart.o(i.UART_Receive_IT)
    i.UART_SetConfig                         0x0800378c   Section        0  stm32f4xx_hal_uart.o(i.UART_SetConfig)
    UART_SetConfig                           0x0800378d   Thumb Code   258  stm32f4xx_hal_uart.o(i.UART_SetConfig)
    i.UART_Start_Receive_IT                  0x08003898   Section        0  stm32f4xx_hal_uart.o(i.UART_Start_Receive_IT)
    i.USART1_IRQHandler                      0x080038d0   Section        0  stm32f4xx_it.o(i.USART1_IRQHandler)
    i.USART6_IRQHandler                      0x080038dc   Section        0  stm32f4xx_it.o(i.USART6_IRQHandler)
    i.UsageFault_Handler                     0x080038fc   Section        0  stm32f4xx_it.o(i.UsageFault_Handler)
    i.__ARM_fpclassify                       0x080038fe   Section        0  fpclassify.o(i.__ARM_fpclassify)
    i.__NVIC_SetPriority                     0x0800392e   Section        0  stm32f4xx_hal_cortex.o(i.__NVIC_SetPriority)
    __NVIC_SetPriority                       0x0800392f   Thumb Code    32  stm32f4xx_hal_cortex.o(i.__NVIC_SetPriority)
    i._is_digit                              0x0800394e   Section        0  __printf_wp.o(i._is_digit)
    i.buttonPress                            0x0800395c   Section        0  gui.o(i.buttonPress)
    i.buzzerBlink                            0x08003974   Section        0  io.o(i.buzzerBlink)
    i.buzzerOff                              0x08003990   Section        0  io.o(i.buzzerOff)
    i.buzzerOn                               0x080039b0   Section        0  io.o(i.buzzerOn)
    i.checkOverCurrentSensor                 0x080039cc   Section        0  sensor.o(i.checkOverCurrentSensor)
    i.checkSortAndOpenCircuit                0x08003ba0   Section        0  sensor.o(i.checkSortAndOpenCircuit)
    i.getSensor                              0x08003d18   Section        0  sensor.o(i.getSensor)
    i.interface                              0x08003d84   Section        0  gui.o(i.interface)
    i.limitOn                                0x08003d9c   Section        0  io.o(i.limitOn)
    i.lowPassFilter                          0x08003f38   Section        0  sensor.o(i.lowPassFilter)
    i.main                                   0x08003f68   Section        0  main.o(i.main)
    i.menuScanSensor                         0x0800417c   Section        0  gui.o(i.menuScanSensor)
    i.menuSensingMode                        0x08004274   Section        0  gui.o(i.menuSensingMode)
    i.menuSetNameZone                        0x08004394   Section        0  gui.o(i.menuSetNameZone)
    i.menuSetThreshold                       0x080043f0   Section        0  gui.o(i.menuSetThreshold)
    i.modeCrossWire                          0x08004544   Section        0  sensor.o(i.modeCrossWire)
    i.modeSingleWire                         0x0800463c   Section        0  sensor.o(i.modeSingleWire)
    i.muteFunction                           0x080049f0   Section        0  gui.o(i.muteFunction)
    i.namezone                               0x08004a4c   Section        0  gui.o(i.namezone)
    i.relayOff                               0x08004d4c   Section        0  io.o(i.relayOff)
    i.relayOn                                0x08004ef0   Section        0  io.o(i.relayOn)
    i.resetFunction                          0x08005094   Section        0  gui.o(i.resetFunction)
    i.scanSensor                             0x08005180   Section        0  sensor.o(i.scanSensor)
    i.selectMenu                             0x08005374   Section        0  gui.o(i.selectMenu)
    i.silentFunction                         0x08005588   Section        0  gui.o(i.silentFunction)
    i.testFunction                           0x080055e0   Section        0  gui.o(i.testFunction)
    i.zone                                   0x08005678   Section        0  gui.o(i.zone)
    locale$$code                             0x08005830   Section       44  lc_numeric_c.o(locale$$code)
    x$fpl$d2f                                0x0800585c   Section       98  d2f.o(x$fpl$d2f)
    $v0                                      0x0800585c   Number         0  d2f.o(x$fpl$d2f)
    x$fpl$dmul                               0x080058c0   Section      340  dmul.o(x$fpl$dmul)
    $v0                                      0x080058c0   Number         0  dmul.o(x$fpl$dmul)
    x$fpl$dnaninf                            0x08005a14   Section      156  dnaninf.o(x$fpl$dnaninf)
    $v0                                      0x08005a14   Number         0  dnaninf.o(x$fpl$dnaninf)
    x$fpl$dretinf                            0x08005ab0   Section       12  dretinf.o(x$fpl$dretinf)
    $v0                                      0x08005ab0   Number         0  dretinf.o(x$fpl$dretinf)
    x$fpl$f2d                                0x08005abc   Section       86  f2d.o(x$fpl$f2d)
    $v0                                      0x08005abc   Number         0  f2d.o(x$fpl$f2d)
    x$fpl$fnaninf                            0x08005b12   Section      140  fnaninf.o(x$fpl$fnaninf)
    $v0                                      0x08005b12   Number         0  fnaninf.o(x$fpl$fnaninf)
    x$fpl$fpinit                             0x08005b9e   Section       10  fpinit.o(x$fpl$fpinit)
    $v0                                      0x08005b9e   Number         0  fpinit.o(x$fpl$fpinit)
    x$fpl$fretinf                            0x08005ba8   Section       10  fretinf.o(x$fpl$fretinf)
    $v0                                      0x08005ba8   Number         0  fretinf.o(x$fpl$fretinf)
    x$fpl$printf1                            0x08005bb2   Section        4  printf1.o(x$fpl$printf1)
    $v0                                      0x08005bb2   Number         0  printf1.o(x$fpl$printf1)
    .constdata                               0x08005bb6   Section        8  stm32f4xx_hal_dma.o(.constdata)
    x$fpl$usenofp                            0x08005bb6   Section        0  usenofp.o(x$fpl$usenofp)
    flagBitshiftOffset                       0x08005bb6   Data           8  stm32f4xx_hal_dma.o(.constdata)
    .constdata                               0x08005bbe   Section       16  system_stm32f4xx.o(.constdata)
    .constdata                               0x08005bce   Section        8  system_stm32f4xx.o(.constdata)
    .constdata                               0x08005bd8   Section      148  bigflt0.o(.constdata)
    tenpwrs_x                                0x08005bd8   Data          60  bigflt0.o(.constdata)
    tenpwrs_i                                0x08005c14   Data          64  bigflt0.o(.constdata)
    locale$$data                             0x08005c8c   Section       28  lc_numeric_c.o(locale$$data)
    __lcnum_c_name                           0x08005c90   Data           2  lc_numeric_c.o(locale$$data)
    __lcnum_c_start                          0x08005c98   Data           0  lc_numeric_c.o(locale$$data)
    __lcnum_c_point                          0x08005ca4   Data           0  lc_numeric_c.o(locale$$data)
    __lcnum_c_thousands                      0x08005ca6   Data           0  lc_numeric_c.o(locale$$data)
    __lcnum_c_grouping                       0x08005ca7   Data           0  lc_numeric_c.o(locale$$data)
    __lcnum_c_end                            0x08005ca8   Data           0  lc_numeric_c.o(locale$$data)
    .data                                    0x20000000   Section        4  main.o(.data)
    .data                                    0x20000004   Section        7  lcd_lib.o(.data)
    LCD_Opts                                 0x20000004   Data           7  lcd_lib.o(.data)
    .data                                    0x2000000c   Section       20  sensor.o(.data)
    .data                                    0x20000020   Section       67  gui.o(.data)
    .data                                    0x20000063   Section        3  communication.o(.data)
    .data                                    0x20000068   Section       12  stm32f4xx_hal.o(.data)
    .data                                    0x20000074   Section        4  system_stm32f4xx.o(.data)
    .bss                                     0x20000078   Section      556  main.o(.bss)
    .bss                                     0x200002a4   Section       96  main.o(.bss)
    .bss                                     0x20000304   Section      356  sensor.o(.bss)
    .bss                                     0x20000468   Section      696  gui.o(.bss)
    .bss                                     0x20000720   Section       96  libspace.o(.bss)
    HEAP                                     0x20000780   Section      512  startup_stm32f407xx.o(HEAP)
    Heap_Mem                                 0x20000780   Data         512  startup_stm32f407xx.o(HEAP)
    STACK                                    0x20000980   Section     1024  startup_stm32f407xx.o(STACK)
    Stack_Mem                                0x20000980   Data        1024  startup_stm32f407xx.o(STACK)
    __initial_sp                             0x20000d80   Data           0  startup_stm32f407xx.o(STACK)

    Global Symbols

    Symbol Name                              Value     Ov Type        Size  Object(Section)

    BuildAttributes$$THM_ISAv4$E$P$D$K$B$S$7EM$VFPi3$EXTD16$VFPS$VFMA$PE$A:L22UL41UL21$X:L11$S22US41US21$IEEE1$IW$USESV6$~STKCKD$USESV7$~SHL$OTIME$ROPI$IEEEJ$EBA8$UX$STANDARDLIB$REQ8$PRES8$EABIv2 0x00000000   Number         0  anon$$obj.o ABSOLUTE
    __ARM_use_no_argv                        0x00000000   Number         0  main.o ABSOLUTE
    _printf_flags                            0x00000000   Number         0  printf_stubs.o ABSOLUTE
    _printf_return_value                     0x00000000   Number         0  printf_stubs.o ABSOLUTE
    _printf_sizespec                         0x00000000   Number         0  printf_stubs.o ABSOLUTE
    _printf_widthprec                        0x00000000   Number         0  printf_stubs.o ABSOLUTE
    __ARM_exceptions_init                     - Undefined Weak Reference
    __alloca_initialize                       - Undefined Weak Reference
    __arm_preinit_                            - Undefined Weak Reference
    __cpp_initialize__aeabi_                  - Undefined Weak Reference
    __cxa_finalize                            - Undefined Weak Reference
    __sigvec_lookup                           - Undefined Weak Reference
    _atexit_init                              - Undefined Weak Reference
    _call_atexit_fns                          - Undefined Weak Reference
    _clock_init                               - Undefined Weak Reference
    _fp_trap_init                             - Undefined Weak Reference
    _fp_trap_shutdown                         - Undefined Weak Reference
    _get_lc_collate                           - Undefined Weak Reference
    _get_lc_ctype                             - Undefined Weak Reference
    _get_lc_monetary                          - Undefined Weak Reference
    _get_lc_time                              - Undefined Weak Reference
    _getenv_init                              - Undefined Weak Reference
    _handle_redirection                       - Undefined Weak Reference
    _init_alloc                               - Undefined Weak Reference
    _init_user_alloc                          - Undefined Weak Reference
    _initio                                   - Undefined Weak Reference
    _printf_post_padding                      - Undefined Weak Reference
    _printf_pre_padding                       - Undefined Weak Reference
    _printf_truncate_signed                   - Undefined Weak Reference
    _printf_truncate_unsigned                 - Undefined Weak Reference
    _rand_init                                - Undefined Weak Reference
    _signal_finish                            - Undefined Weak Reference
    _signal_init                              - Undefined Weak Reference
    _terminate_alloc                          - Undefined Weak Reference
    _terminate_user_alloc                     - Undefined Weak Reference
    _terminateio                              - Undefined Weak Reference
    __Vectors_Size                           0x00000188   Number         0  startup_stm32f407xx.o ABSOLUTE
    __Vectors                                0x08000000   Data           4  startup_stm32f407xx.o(RESET)
    __Vectors_End                            0x08000188   Data           0  startup_stm32f407xx.o(RESET)
    __main                                   0x08000189   Thumb Code     8  __main.o(!!!main)
    __scatterload                            0x08000191   Thumb Code     0  __scatter.o(!!!scatter)
    __scatterload_rt2                        0x08000191   Thumb Code    44  __scatter.o(!!!scatter)
    __scatterload_rt2_thumb_only             0x08000191   Thumb Code     0  __scatter.o(!!!scatter)
    __scatterload_null                       0x0800019f   Thumb Code     0  __scatter.o(!!!scatter)
    __scatterload_copy                       0x080001c5   Thumb Code    26  __scatter_copy.o(!!handler_copy)
    __scatterload_zeroinit                   0x080001e1   Thumb Code    28  __scatter_zi.o(!!handler_zi)
    _printf_f                                0x080001fd   Thumb Code     0  _printf_f.o(.ARM.Collect$$_printf_percent$$00000003)
    _printf_percent                          0x080001fd   Thumb Code     0  _printf_percent.o(.ARM.Collect$$_printf_percent$$00000000)
    _printf_d                                0x08000203   Thumb Code     0  _printf_d.o(.ARM.Collect$$_printf_percent$$00000009)
    _printf_percent_end                      0x08000209   Thumb Code     0  _printf_percent_end.o(.ARM.Collect$$_printf_percent$$00000017)
    __rt_lib_init                            0x0800020d   Thumb Code     0  libinit.o(.ARM.Collect$$libinit$$00000000)
    __rt_lib_init_fp_1                       0x0800020f   Thumb Code     0  libinit2.o(.ARM.Collect$$libinit$$00000001)
    __rt_lib_init_heap_1                     0x08000213   Thumb Code     0  libinit2.o(.ARM.Collect$$libinit$$0000000A)
    __rt_lib_init_lc_common                  0x08000213   Thumb Code     0  libinit2.o(.ARM.Collect$$libinit$$0000000F)
    __rt_lib_init_preinit_1                  0x08000213   Thumb Code     0  libinit2.o(.ARM.Collect$$libinit$$00000004)
    __rt_lib_init_rand_1                     0x08000213   Thumb Code     0  libinit2.o(.ARM.Collect$$libinit$$0000000E)
    __rt_lib_init_user_alloc_1               0x08000213   Thumb Code     0  libinit2.o(.ARM.Collect$$libinit$$0000000C)
    __rt_lib_init_lc_collate_1               0x08000219   Thumb Code     0  libinit2.o(.ARM.Collect$$libinit$$00000011)
    __rt_lib_init_lc_ctype_1                 0x08000219   Thumb Code     0  libinit2.o(.ARM.Collect$$libinit$$00000013)
    __rt_lib_init_lc_monetary_1              0x08000219   Thumb Code     0  libinit2.o(.ARM.Collect$$libinit$$00000015)
    __rt_lib_init_lc_numeric_2               0x08000219   Thumb Code     0  libinit2.o(.ARM.Collect$$libinit$$00000016)
    __rt_lib_init_alloca_1                   0x08000223   Thumb Code     0  libinit2.o(.ARM.Collect$$libinit$$0000002E)
    __rt_lib_init_argv_1                     0x08000223   Thumb Code     0  libinit2.o(.ARM.Collect$$libinit$$0000002C)
    __rt_lib_init_atexit_1                   0x08000223   Thumb Code     0  libinit2.o(.ARM.Collect$$libinit$$0000001B)
    __rt_lib_init_clock_1                    0x08000223   Thumb Code     0  libinit2.o(.ARM.Collect$$libinit$$00000021)
    __rt_lib_init_cpp_1                      0x08000223   Thumb Code     0  libinit2.o(.ARM.Collect$$libinit$$00000032)
    __rt_lib_init_exceptions_1               0x08000223   Thumb Code     0  libinit2.o(.ARM.Collect$$libinit$$00000030)
    __rt_lib_init_fp_trap_1                  0x08000223   Thumb Code     0  libinit2.o(.ARM.Collect$$libinit$$0000001F)
    __rt_lib_init_getenv_1                   0x08000223   Thumb Code     0  libinit2.o(.ARM.Collect$$libinit$$00000023)
    __rt_lib_init_lc_numeric_1               0x08000223   Thumb Code     0  libinit2.o(.ARM.Collect$$libinit$$00000017)
    __rt_lib_init_lc_time_1                  0x08000223   Thumb Code     0  libinit2.o(.ARM.Collect$$libinit$$00000019)
    __rt_lib_init_return                     0x08000223   Thumb Code     0  libinit2.o(.ARM.Collect$$libinit$$00000033)
    __rt_lib_init_signal_1                   0x08000223   Thumb Code     0  libinit2.o(.ARM.Collect$$libinit$$0000001D)
    __rt_lib_init_stdio_1                    0x08000223   Thumb Code     0  libinit2.o(.ARM.Collect$$libinit$$00000025)
    __rt_lib_shutdown                        0x08000225   Thumb Code     0  libshutdown.o(.ARM.Collect$$libshutdown$$00000000)
    __rt_lib_shutdown_cpp_1                  0x08000227   Thumb Code     0  libshutdown2.o(.ARM.Collect$$libshutdown$$00000002)
    __rt_lib_shutdown_fp_trap_1              0x08000227   Thumb Code     0  libshutdown2.o(.ARM.Collect$$libshutdown$$00000007)
    __rt_lib_shutdown_heap_1                 0x08000227   Thumb Code     0  libshutdown2.o(.ARM.Collect$$libshutdown$$0000000F)
    __rt_lib_shutdown_return                 0x08000227   Thumb Code     0  libshutdown2.o(.ARM.Collect$$libshutdown$$00000010)
    __rt_lib_shutdown_signal_1               0x08000227   Thumb Code     0  libshutdown2.o(.ARM.Collect$$libshutdown$$0000000A)
    __rt_lib_shutdown_stdio_1                0x08000227   Thumb Code     0  libshutdown2.o(.ARM.Collect$$libshutdown$$00000004)
    __rt_lib_shutdown_user_alloc_1           0x08000227   Thumb Code     0  libshutdown2.o(.ARM.Collect$$libshutdown$$0000000C)
    __rt_entry                               0x08000229   Thumb Code     0  __rtentry.o(.ARM.Collect$$rtentry$$00000000)
    __rt_entry_presh_1                       0x08000229   Thumb Code     0  __rtentry2.o(.ARM.Collect$$rtentry$$00000002)
    __rt_entry_sh                            0x08000229   Thumb Code     0  __rtentry4.o(.ARM.Collect$$rtentry$$00000004)
    __rt_entry_li                            0x0800022f   Thumb Code     0  __rtentry2.o(.ARM.Collect$$rtentry$$0000000A)
    __rt_entry_postsh_1                      0x0800022f   Thumb Code     0  __rtentry2.o(.ARM.Collect$$rtentry$$00000009)
    __rt_entry_main                          0x08000233   Thumb Code     0  __rtentry2.o(.ARM.Collect$$rtentry$$0000000D)
    __rt_entry_postli_1                      0x08000233   Thumb Code     0  __rtentry2.o(.ARM.Collect$$rtentry$$0000000C)
    __rt_exit                                0x0800023b   Thumb Code     0  rtexit.o(.ARM.Collect$$rtexit$$00000000)
    __rt_exit_ls                             0x0800023d   Thumb Code     0  rtexit2.o(.ARM.Collect$$rtexit$$00000003)
    __rt_exit_prels_1                        0x0800023d   Thumb Code     0  rtexit2.o(.ARM.Collect$$rtexit$$00000002)
    __rt_exit_exit                           0x08000241   Thumb Code     0  rtexit2.o(.ARM.Collect$$rtexit$$00000004)
    Reset_Handler                            0x08000249   Thumb Code     8  startup_stm32f407xx.o(.text)
    ADC_IRQHandler                           0x08000263   Thumb Code     0  startup_stm32f407xx.o(.text)
    CAN1_RX0_IRQHandler                      0x08000263   Thumb Code     0  startup_stm32f407xx.o(.text)
    CAN1_RX1_IRQHandler                      0x08000263   Thumb Code     0  startup_stm32f407xx.o(.text)
    CAN1_SCE_IRQHandler                      0x08000263   Thumb Code     0  startup_stm32f407xx.o(.text)
    CAN1_TX_IRQHandler                       0x08000263   Thumb Code     0  startup_stm32f407xx.o(.text)
    CAN2_RX0_IRQHandler                      0x08000263   Thumb Code     0  startup_stm32f407xx.o(.text)
    CAN2_RX1_IRQHandler                      0x08000263   Thumb Code     0  startup_stm32f407xx.o(.text)
    CAN2_SCE_IRQHandler                      0x08000263   Thumb Code     0  startup_stm32f407xx.o(.text)
    CAN2_TX_IRQHandler                       0x08000263   Thumb Code     0  startup_stm32f407xx.o(.text)
    DCMI_IRQHandler                          0x08000263   Thumb Code     0  startup_stm32f407xx.o(.text)
    DMA1_Stream0_IRQHandler                  0x08000263   Thumb Code     0  startup_stm32f407xx.o(.text)
    DMA1_Stream1_IRQHandler                  0x08000263   Thumb Code     0  startup_stm32f407xx.o(.text)
    DMA1_Stream2_IRQHandler                  0x08000263   Thumb Code     0  startup_stm32f407xx.o(.text)
    DMA1_Stream3_IRQHandler                  0x08000263   Thumb Code     0  startup_stm32f407xx.o(.text)
    DMA1_Stream4_IRQHandler                  0x08000263   Thumb Code     0  startup_stm32f407xx.o(.text)
    DMA1_Stream5_IRQHandler                  0x08000263   Thumb Code     0  startup_stm32f407xx.o(.text)
    DMA1_Stream6_IRQHandler                  0x08000263   Thumb Code     0  startup_stm32f407xx.o(.text)
    DMA1_Stream7_IRQHandler                  0x08000263   Thumb Code     0  startup_stm32f407xx.o(.text)
    DMA2_Stream1_IRQHandler                  0x08000263   Thumb Code     0  startup_stm32f407xx.o(.text)
    DMA2_Stream2_IRQHandler                  0x08000263   Thumb Code     0  startup_stm32f407xx.o(.text)
    DMA2_Stream3_IRQHandler                  0x08000263   Thumb Code     0  startup_stm32f407xx.o(.text)
    DMA2_Stream4_IRQHandler                  0x08000263   Thumb Code     0  startup_stm32f407xx.o(.text)
    DMA2_Stream5_IRQHandler                  0x08000263   Thumb Code     0  startup_stm32f407xx.o(.text)
    DMA2_Stream6_IRQHandler                  0x08000263   Thumb Code     0  startup_stm32f407xx.o(.text)
    DMA2_Stream7_IRQHandler                  0x08000263   Thumb Code     0  startup_stm32f407xx.o(.text)
    ETH_IRQHandler                           0x08000263   Thumb Code     0  startup_stm32f407xx.o(.text)
    ETH_WKUP_IRQHandler                      0x08000263   Thumb Code     0  startup_stm32f407xx.o(.text)
    EXTI0_IRQHandler                         0x08000263   Thumb Code     0  startup_stm32f407xx.o(.text)
    EXTI15_10_IRQHandler                     0x08000263   Thumb Code     0  startup_stm32f407xx.o(.text)
    EXTI1_IRQHandler                         0x08000263   Thumb Code     0  startup_stm32f407xx.o(.text)
    EXTI2_IRQHandler                         0x08000263   Thumb Code     0  startup_stm32f407xx.o(.text)
    EXTI3_IRQHandler                         0x08000263   Thumb Code     0  startup_stm32f407xx.o(.text)
    EXTI4_IRQHandler                         0x08000263   Thumb Code     0  startup_stm32f407xx.o(.text)
    EXTI9_5_IRQHandler                       0x08000263   Thumb Code     0  startup_stm32f407xx.o(.text)
    FLASH_IRQHandler                         0x08000263   Thumb Code     0  startup_stm32f407xx.o(.text)
    FMC_IRQHandler                           0x08000263   Thumb Code     0  startup_stm32f407xx.o(.text)
    FPU_IRQHandler                           0x08000263   Thumb Code     0  startup_stm32f407xx.o(.text)
    HASH_RNG_IRQHandler                      0x08000263   Thumb Code     0  startup_stm32f407xx.o(.text)
    I2C1_ER_IRQHandler                       0x08000263   Thumb Code     0  startup_stm32f407xx.o(.text)
    I2C1_EV_IRQHandler                       0x08000263   Thumb Code     0  startup_stm32f407xx.o(.text)
    I2C2_ER_IRQHandler                       0x08000263   Thumb Code     0  startup_stm32f407xx.o(.text)
    I2C2_EV_IRQHandler                       0x08000263   Thumb Code     0  startup_stm32f407xx.o(.text)
    I2C3_ER_IRQHandler                       0x08000263   Thumb Code     0  startup_stm32f407xx.o(.text)
    I2C3_EV_IRQHandler                       0x08000263   Thumb Code     0  startup_stm32f407xx.o(.text)
    OTG_FS_IRQHandler                        0x08000263   Thumb Code     0  startup_stm32f407xx.o(.text)
    OTG_FS_WKUP_IRQHandler                   0x08000263   Thumb Code     0  startup_stm32f407xx.o(.text)
    OTG_HS_EP1_IN_IRQHandler                 0x08000263   Thumb Code     0  startup_stm32f407xx.o(.text)
    OTG_HS_EP1_OUT_IRQHandler                0x08000263   Thumb Code     0  startup_stm32f407xx.o(.text)
    OTG_HS_IRQHandler                        0x08000263   Thumb Code     0  startup_stm32f407xx.o(.text)
    OTG_HS_WKUP_IRQHandler                   0x08000263   Thumb Code     0  startup_stm32f407xx.o(.text)
    PVD_IRQHandler                           0x08000263   Thumb Code     0  startup_stm32f407xx.o(.text)
    RCC_IRQHandler                           0x08000263   Thumb Code     0  startup_stm32f407xx.o(.text)
    RTC_Alarm_IRQHandler                     0x08000263   Thumb Code     0  startup_stm32f407xx.o(.text)
    RTC_WKUP_IRQHandler                      0x08000263   Thumb Code     0  startup_stm32f407xx.o(.text)
    SDIO_IRQHandler                          0x08000263   Thumb Code     0  startup_stm32f407xx.o(.text)
    SPI1_IRQHandler                          0x08000263   Thumb Code     0  startup_stm32f407xx.o(.text)
    SPI2_IRQHandler                          0x08000263   Thumb Code     0  startup_stm32f407xx.o(.text)
    SPI3_IRQHandler                          0x08000263   Thumb Code     0  startup_stm32f407xx.o(.text)
    TAMP_STAMP_IRQHandler                    0x08000263   Thumb Code     0  startup_stm32f407xx.o(.text)
    TIM1_BRK_TIM9_IRQHandler                 0x08000263   Thumb Code     0  startup_stm32f407xx.o(.text)
    TIM1_CC_IRQHandler                       0x08000263   Thumb Code     0  startup_stm32f407xx.o(.text)
    TIM1_TRG_COM_TIM11_IRQHandler            0x08000263   Thumb Code     0  startup_stm32f407xx.o(.text)
    TIM1_UP_TIM10_IRQHandler                 0x08000263   Thumb Code     0  startup_stm32f407xx.o(.text)
    TIM2_IRQHandler                          0x08000263   Thumb Code     0  startup_stm32f407xx.o(.text)
    TIM3_IRQHandler                          0x08000263   Thumb Code     0  startup_stm32f407xx.o(.text)
    TIM4_IRQHandler                          0x08000263   Thumb Code     0  startup_stm32f407xx.o(.text)
    TIM5_IRQHandler                          0x08000263   Thumb Code     0  startup_stm32f407xx.o(.text)
    TIM6_DAC_IRQHandler                      0x08000263   Thumb Code     0  startup_stm32f407xx.o(.text)
    TIM7_IRQHandler                          0x08000263   Thumb Code     0  startup_stm32f407xx.o(.text)
    TIM8_BRK_TIM12_IRQHandler                0x08000263   Thumb Code     0  startup_stm32f407xx.o(.text)
    TIM8_CC_IRQHandler                       0x08000263   Thumb Code     0  startup_stm32f407xx.o(.text)
    TIM8_TRG_COM_TIM14_IRQHandler            0x08000263   Thumb Code     0  startup_stm32f407xx.o(.text)
    TIM8_UP_TIM13_IRQHandler                 0x08000263   Thumb Code     0  startup_stm32f407xx.o(.text)
    UART4_IRQHandler                         0x08000263   Thumb Code     0  startup_stm32f407xx.o(.text)
    UART5_IRQHandler                         0x08000263   Thumb Code     0  startup_stm32f407xx.o(.text)
    USART2_IRQHandler                        0x08000263   Thumb Code     0  startup_stm32f407xx.o(.text)
    USART3_IRQHandler                        0x08000263   Thumb Code     0  startup_stm32f407xx.o(.text)
    WWDG_IRQHandler                          0x08000263   Thumb Code     0  startup_stm32f407xx.o(.text)
    __user_initial_stackheap                 0x08000265   Thumb Code     0  startup_stm32f407xx.o(.text)
    __aeabi_uldivmod                         0x08000289   Thumb Code     0  lludivv7m.o(.text)
    _ll_udiv                                 0x08000289   Thumb Code   238  lludivv7m.o(.text)
    __2sprintf                               0x08000379   Thumb Code    34  noretval__2sprintf.o(.text)
    _printf_int_dec                          0x080003a1   Thumb Code   104  _printf_dec.o(.text)
    __printf                                 0x08000419   Thumb Code   270  __printf_wp.o(.text)
    strlen                                   0x08000527   Thumb Code    62  strlen.o(.text)
    __aeabi_memclr                           0x08000565   Thumb Code     0  rt_memclr.o(.text)
    __rt_memclr                              0x08000565   Thumb Code    68  rt_memclr.o(.text)
    _memset                                  0x08000569   Thumb Code     0  rt_memclr.o(.text)
    __aeabi_memclr4                          0x080005a9   Thumb Code     0  rt_memclr_w.o(.text)
    __aeabi_memclr8                          0x080005a9   Thumb Code     0  rt_memclr_w.o(.text)
    __rt_memclr_w                            0x080005a9   Thumb Code    78  rt_memclr_w.o(.text)
    _memset_w                                0x080005ad   Thumb Code     0  rt_memclr_w.o(.text)
    strncpy                                  0x080005f7   Thumb Code    86  strncpy.o(.text)
    __use_two_region_memory                  0x0800064d   Thumb Code     2  heapauxi.o(.text)
    __rt_heap_escrow$2region                 0x0800064f   Thumb Code     2  heapauxi.o(.text)
    __rt_heap_expand$2region                 0x08000651   Thumb Code     2  heapauxi.o(.text)
    _printf_int_common                       0x08000653   Thumb Code   178  _printf_intcommon.o(.text)
    __lib_sel_fp_printf                      0x08000705   Thumb Code     2  _printf_fp_dec.o(.text)
    _printf_fp_dec_real                      0x080008b7   Thumb Code   620  _printf_fp_dec.o(.text)
    _printf_char_common                      0x08000b2f   Thumb Code    32  _printf_char_common.o(.text)
    _sputc                                   0x08000b55   Thumb Code    10  _sputc.o(.text)
    __rt_locale                              0x08000b61   Thumb Code     8  rt_locale_intlibspace.o(.text)
    _ll_udiv10                               0x08000b69   Thumb Code   138  lludiv10.o(.text)
    _printf_fp_infnan                        0x08000bf5   Thumb Code   112  _printf_fp_infnan.o(.text)
    _btod_etento                             0x08000c75   Thumb Code   224  bigflt0.o(.text)
    __user_libspace                          0x08000d59   Thumb Code     8  libspace.o(.text)
    __user_perproc_libspace                  0x08000d59   Thumb Code     0  libspace.o(.text)
    __user_perthread_libspace                0x08000d59   Thumb Code     0  libspace.o(.text)
    __user_setup_stackheap                   0x08000d61   Thumb Code    74  sys_stackheap_outer.o(.text)
    exit                                     0x08000dab   Thumb Code    18  exit.o(.text)
    strcmp                                   0x08000dbd   Thumb Code   128  strcmpv7m.o(.text)
    _sys_exit                                0x08000e3d   Thumb Code     8  sys_exit.o(.text)
    __I$use$semihosting                      0x08000e49   Thumb Code     0  use_no_semi.o(.text)
    __use_no_semihosting_swi                 0x08000e49   Thumb Code     2  use_no_semi.o(.text)
    __semihosting_library_function           0x08000e4b   Thumb Code     0  indicate_semi.o(.text)
    _btod_d2e                                0x08000e4b   Thumb Code    62  btod.o(CL$$btod_d2e)
    _d2e_denorm_low                          0x08000e89   Thumb Code    70  btod.o(CL$$btod_d2e_denorm_low)
    _d2e_norm_op1                            0x08000ecf   Thumb Code    96  btod.o(CL$$btod_d2e_norm_op1)
    __btod_div_common                        0x08000f2f   Thumb Code   696  btod.o(CL$$btod_div_common)
    _e2e                                     0x08001267   Thumb Code   220  btod.o(CL$$btod_e2e)
    _btod_ediv                               0x08001343   Thumb Code    42  btod.o(CL$$btod_ediv)
    _btod_emul                               0x0800136d   Thumb Code    42  btod.o(CL$$btod_emul)
    __btod_mult_common                       0x08001397   Thumb Code   580  btod.o(CL$$btod_mult_common)
    BusFault_Handler                         0x08001791   Thumb Code     2  stm32f4xx_it.o(i.BusFault_Handler)
    DMA2_Stream0_IRQHandler                  0x08001795   Thumb Code     6  stm32f4xx_it.o(i.DMA2_Stream0_IRQHandler)
    DWT_Delay                                0x08001845   Thumb Code    28  dwt_delay.o(i.DWT_Delay)
    DWT_Delayms                              0x0800186d   Thumb Code    30  dwt_delay.o(i.DWT_Delayms)
    DWT_Init                                 0x08001895   Thumb Code    32  dwt_delay.o(i.DWT_Init)
    DebugMon_Handler                         0x080018bd   Thumb Code     2  stm32f4xx_it.o(i.DebugMon_Handler)
    Error_Handler                            0x080018bf   Thumb Code     4  main.o(i.Error_Handler)
    HAL_ADC_ConfigChannel                    0x080018c5   Thumb Code   316  stm32f4xx_hal_adc.o(i.HAL_ADC_ConfigChannel)
    HAL_ADC_ConvCpltCallback                 0x08001a11   Thumb Code     2  stm32f4xx_hal_adc.o(i.HAL_ADC_ConvCpltCallback)
    HAL_ADC_ConvHalfCpltCallback             0x08001a13   Thumb Code     2  stm32f4xx_hal_adc.o(i.HAL_ADC_ConvHalfCpltCallback)
    HAL_ADC_ErrorCallback                    0x08001a15   Thumb Code     2  stm32f4xx_hal_adc.o(i.HAL_ADC_ErrorCallback)
    HAL_ADC_Init                             0x08001a17   Thumb Code    84  stm32f4xx_hal_adc.o(i.HAL_ADC_Init)
    HAL_ADC_MspInit                          0x08001a6d   Thumb Code   190  stm32f4xx_hal_msp.o(i.HAL_ADC_MspInit)
    HAL_ADC_Start_DMA                        0x08001b49   Thumb Code   302  stm32f4xx_hal_adc.o(i.HAL_ADC_Start_DMA)
    HAL_DMA_Abort                            0x08001c9d   Thumb Code   146  stm32f4xx_hal_dma.o(i.HAL_DMA_Abort)
    HAL_DMA_Abort_IT                         0x08001d2f   Thumb Code    36  stm32f4xx_hal_dma.o(i.HAL_DMA_Abort_IT)
    HAL_DMA_IRQHandler                       0x08001d55   Thumb Code   412  stm32f4xx_hal_dma.o(i.HAL_DMA_IRQHandler)
    HAL_DMA_Init                             0x08001ef5   Thumb Code   206  stm32f4xx_hal_dma.o(i.HAL_DMA_Init)
    HAL_DMA_Start_IT                         0x08001fc9   Thumb Code   110  stm32f4xx_hal_dma.o(i.HAL_DMA_Start_IT)
    HAL_Delay                                0x08002039   Thumb Code    32  stm32f4xx_hal.o(i.HAL_Delay)
    HAL_GPIO_Init                            0x0800205d   Thumb Code   450  stm32f4xx_hal_gpio.o(i.HAL_GPIO_Init)
    HAL_GPIO_ReadPin                         0x0800224d   Thumb Code    10  stm32f4xx_hal_gpio.o(i.HAL_GPIO_ReadPin)
    HAL_GPIO_TogglePin                       0x08002257   Thumb Code    16  stm32f4xx_hal_gpio.o(i.HAL_GPIO_TogglePin)
    HAL_GPIO_WritePin                        0x08002267   Thumb Code    10  stm32f4xx_hal_gpio.o(i.HAL_GPIO_WritePin)
    HAL_GetTick                              0x08002271   Thumb Code     6  stm32f4xx_hal.o(i.HAL_GetTick)
    HAL_I2C_Init                             0x0800227d   Thumb Code   376  stm32f4xx_hal_i2c.o(i.HAL_I2C_Init)
    HAL_I2C_MspInit                          0x08002405   Thumb Code    94  stm32f4xx_hal_msp.o(i.HAL_I2C_MspInit)
    HAL_IncTick                              0x08002471   Thumb Code    12  stm32f4xx_hal.o(i.HAL_IncTick)
    HAL_Init                                 0x08002481   Thumb Code    48  stm32f4xx_hal.o(i.HAL_Init)
    HAL_InitTick                             0x080024b5   Thumb Code    54  stm32f4xx_hal.o(i.HAL_InitTick)
    HAL_MspInit                              0x080024f5   Thumb Code    42  stm32f4xx_hal_msp.o(i.HAL_MspInit)
    HAL_NVIC_EnableIRQ                       0x08002525   Thumb Code    26  stm32f4xx_hal_cortex.o(i.HAL_NVIC_EnableIRQ)
    HAL_NVIC_SetPriority                     0x08002541   Thumb Code    60  stm32f4xx_hal_cortex.o(i.HAL_NVIC_SetPriority)
    HAL_NVIC_SetPriorityGrouping             0x08002581   Thumb Code    26  stm32f4xx_hal_cortex.o(i.HAL_NVIC_SetPriorityGrouping)
    HAL_RCC_ClockConfig                      0x080025a5   Thumb Code   288  stm32f4xx_hal_rcc.o(i.HAL_RCC_ClockConfig)
    HAL_RCC_GetPCLK1Freq                     0x080026d9   Thumb Code    20  stm32f4xx_hal_rcc.o(i.HAL_RCC_GetPCLK1Freq)
    HAL_RCC_GetPCLK2Freq                     0x080026f9   Thumb Code    20  stm32f4xx_hal_rcc.o(i.HAL_RCC_GetPCLK2Freq)
    HAL_RCC_GetSysClockFreq                  0x08002719   Thumb Code    88  stm32f4xx_hal_rcc.o(i.HAL_RCC_GetSysClockFreq)
    HAL_RCC_OscConfig                        0x0800277d   Thumb Code   856  stm32f4xx_hal_rcc.o(i.HAL_RCC_OscConfig)
    HAL_SYSTICK_Config                       0x08002ae9   Thumb Code    40  stm32f4xx_hal_cortex.o(i.HAL_SYSTICK_Config)
    HAL_UARTEx_RxEventCallback               0x08002b11   Thumb Code     2  stm32f4xx_hal_uart.o(i.HAL_UARTEx_RxEventCallback)
    HAL_UART_ErrorCallback                   0x08002b13   Thumb Code     2  stm32f4xx_hal_uart.o(i.HAL_UART_ErrorCallback)
    HAL_UART_IRQHandler                      0x08002b15   Thumb Code   610  stm32f4xx_hal_uart.o(i.HAL_UART_IRQHandler)
    HAL_UART_Init                            0x08002d7d   Thumb Code    98  stm32f4xx_hal_uart.o(i.HAL_UART_Init)
    HAL_UART_MspInit                         0x08002de1   Thumb Code   180  stm32f4xx_hal_msp.o(i.HAL_UART_MspInit)
    HAL_UART_Receive_IT                      0x08002ea9   Thumb Code    42  stm32f4xx_hal_uart.o(i.HAL_UART_Receive_IT)
    HAL_UART_RxCpltCallback                  0x08002ed5   Thumb Code    68  main.o(i.HAL_UART_RxCpltCallback)
    HAL_UART_TxCpltCallback                  0x08002f25   Thumb Code     2  main.o(i.HAL_UART_TxCpltCallback)
    HardFault_Handler                        0x08002f27   Thumb Code     2  stm32f4xx_it.o(i.HardFault_Handler)
    LCD_BlinkOff                             0x08002f29   Thumb Code    18  lcd_lib.o(i.LCD_BlinkOff)
    LCD_BlinkOn                              0x08002f41   Thumb Code    18  lcd_lib.o(i.LCD_BlinkOn)
    LCD_Clear                                0x08002f59   Thumb Code    20  lcd_lib.o(i.LCD_Clear)
    LCD_CursorSet                            0x08003015   Thumb Code    40  lcd_lib.o(i.LCD_CursorSet)
    LCD_DisplayOn                            0x08003069   Thumb Code    18  lcd_lib.o(i.LCD_DisplayOn)
    LCD_Init                                 0x08003081   Thumb Code   138  lcd_lib.o(i.LCD_Init)
    LCD_Puts                                 0x08003199   Thumb Code   124  lcd_lib.o(i.LCD_Puts)
    LCD_Putsxy                               0x08003219   Thumb Code    88  lcd_lib.o(i.LCD_Putsxy)
    MemManage_Handler                        0x080035b1   Thumb Code     2  stm32f4xx_it.o(i.MemManage_Handler)
    NMI_Handler                              0x080035b3   Thumb Code     2  stm32f4xx_it.o(i.NMI_Handler)
    PendSV_Handler                           0x080035b5   Thumb Code     2  stm32f4xx_it.o(i.PendSV_Handler)
    SVC_Handler                              0x080035b7   Thumb Code     2  stm32f4xx_it.o(i.SVC_Handler)
    SysTick_Handler                          0x080035b9   Thumb Code    14  stm32f4xx_it.o(i.SysTick_Handler)
    SystemClock_Config                       0x080035c9   Thumb Code   140  main.o(i.SystemClock_Config)
    SystemInit                               0x0800365d   Thumb Code    12  system_stm32f4xx.o(i.SystemInit)
    UART_Start_Receive_IT                    0x08003899   Thumb Code    54  stm32f4xx_hal_uart.o(i.UART_Start_Receive_IT)
    USART1_IRQHandler                        0x080038d1   Thumb Code     6  stm32f4xx_it.o(i.USART1_IRQHandler)
    USART6_IRQHandler                        0x080038dd   Thumb Code    22  stm32f4xx_it.o(i.USART6_IRQHandler)
    UsageFault_Handler                       0x080038fd   Thumb Code     2  stm32f4xx_it.o(i.UsageFault_Handler)
    __ARM_fpclassify                         0x080038ff   Thumb Code    48  fpclassify.o(i.__ARM_fpclassify)
    _is_digit                                0x0800394f   Thumb Code    14  __printf_wp.o(i._is_digit)
    buttonPress                              0x0800395d   Thumb Code    22  gui.o(i.buttonPress)
    buzzerBlink                              0x08003975   Thumb Code    24  io.o(i.buzzerBlink)
    buzzerOff                                0x08003991   Thumb Code    26  io.o(i.buzzerOff)
    buzzerOn                                 0x080039b1   Thumb Code    24  io.o(i.buzzerOn)
    checkOverCurrentSensor                   0x080039cd   Thumb Code   460  sensor.o(i.checkOverCurrentSensor)
    checkSortAndOpenCircuit                  0x08003ba1   Thumb Code   308  sensor.o(i.checkSortAndOpenCircuit)
    getSensor                                0x08003d19   Thumb Code    86  sensor.o(i.getSensor)
    interface                                0x08003d85   Thumb Code    22  gui.o(i.interface)
    limitOn                                  0x08003d9d   Thumb Code   398  io.o(i.limitOn)
    lowPassFilter                            0x08003f39   Thumb Code    36  sensor.o(i.lowPassFilter)
    main                                     0x08003f69   Thumb Code   384  main.o(i.main)
    menuScanSensor                           0x0800417d   Thumb Code   120  gui.o(i.menuScanSensor)
    menuSensingMode                          0x08004275   Thumb Code   172  gui.o(i.menuSensingMode)
    menuSetNameZone                          0x08004395   Thumb Code    82  gui.o(i.menuSetNameZone)
    menuSetThreshold                         0x080043f1   Thumb Code   202  gui.o(i.menuSetThreshold)
    modeCrossWire                            0x08004545   Thumb Code   178  sensor.o(i.modeCrossWire)
    modeSingleWire                           0x0800463d   Thumb Code   658  sensor.o(i.modeSingleWire)
    muteFunction                             0x080049f1   Thumb Code    68  gui.o(i.muteFunction)
    namezone                                 0x08004a4d   Thumb Code   348  gui.o(i.namezone)
    relayOff                                 0x08004d4d   Thumb Code   402  io.o(i.relayOff)
    relayOn                                  0x08004ef1   Thumb Code   402  io.o(i.relayOn)
    resetFunction                            0x08005095   Thumb Code   140  gui.o(i.resetFunction)
    scanSensor                               0x08005181   Thumb Code   352  sensor.o(i.scanSensor)
    selectMenu                               0x08005375   Thumb Code   312  gui.o(i.selectMenu)
    silentFunction                           0x08005589   Thumb Code    66  gui.o(i.silentFunction)
    testFunction                             0x080055e1   Thumb Code   110  gui.o(i.testFunction)
    zone                                     0x08005679   Thumb Code   382  gui.o(i.zone)
    _get_lc_numeric                          0x08005831   Thumb Code    44  lc_numeric_c.o(locale$$code)
    __aeabi_d2f                              0x0800585d   Thumb Code     0  d2f.o(x$fpl$d2f)
    _d2f                                     0x0800585d   Thumb Code    98  d2f.o(x$fpl$d2f)
    __aeabi_dmul                             0x080058c1   Thumb Code     0  dmul.o(x$fpl$dmul)
    _dmul                                    0x080058c1   Thumb Code   332  dmul.o(x$fpl$dmul)
    __fpl_dnaninf                            0x08005a15   Thumb Code   156  dnaninf.o(x$fpl$dnaninf)
    __fpl_dretinf                            0x08005ab1   Thumb Code    12  dretinf.o(x$fpl$dretinf)
    __aeabi_f2d                              0x08005abd   Thumb Code     0  f2d.o(x$fpl$f2d)
    _f2d                                     0x08005abd   Thumb Code    86  f2d.o(x$fpl$f2d)
    __fpl_fnaninf                            0x08005b13   Thumb Code   140  fnaninf.o(x$fpl$fnaninf)
    _fp_init                                 0x08005b9f   Thumb Code    10  fpinit.o(x$fpl$fpinit)
    __fplib_config_fpu_vfp                   0x08005ba7   Thumb Code     0  fpinit.o(x$fpl$fpinit)
    __fplib_config_pureend_doubles           0x08005ba7   Thumb Code     0  fpinit.o(x$fpl$fpinit)
    __fpl_fretinf                            0x08005ba9   Thumb Code    10  fretinf.o(x$fpl$fretinf)
    _printf_fp_dec                           0x08005bb3   Thumb Code     4  printf1.o(x$fpl$printf1)
    __I$use$fp                               0x08005bb6   Number         0  usenofp.o(x$fpl$usenofp)
    AHBPrescTable                            0x08005bbe   Data          16  system_stm32f4xx.o(.constdata)
    APBPrescTable                            0x08005bce   Data           8  system_stm32f4xx.o(.constdata)
    Region$$Table$$Base                      0x08005c6c   Number         0  anon$$obj.o(Region$$Table)
    Region$$Table$$Limit                     0x08005c8c   Number         0  anon$$obj.o(Region$$Table)
    systemSetOK                              0x20000000   Data           1  main.o(.data)
    rx_buff                                  0x20000001   Data           1  main.o(.data)
    i                                        0x20000002   Data           2  main.o(.data)
    resistor                                 0x2000000c   Data           4  sensor.o(.data)
    vRef                                     0x20000010   Data           4  sensor.o(.data)
    currentOverSensor                        0x20000014   Data           4  sensor.o(.data)
    data_vAdc                                0x20000018   Data           4  sensor.o(.data)
    adc_lowpass                              0x2000001c   Data           4  sensor.o(.data)
    sensor                                   0x20000020   Data           1  gui.o(.data)
    charSize                                 0x20000024   Data           4  gui.o(.data)
    charIndex                                0x20000028   Data           4  gui.o(.data)
    count                                    0x2000002c   Data           4  gui.o(.data)
    cx                                       0x20000030   Data           4  gui.o(.data)
    chx                                      0x20000034   Data           4  gui.o(.data)
    valueSetInterval                         0x20000038   Data           4  gui.o(.data)
    countBack                                0x2000003c   Data           4  gui.o(.data)
    countLeft                                0x20000040   Data           4  gui.o(.data)
    selectedSensingMode                      0x20000044   Data           4  gui.o(.data)
    alphabet                                 0x20000048   Data          27  gui.o(.data)
    flagRx                                   0x20000063   Data           1  communication.o(.data)
    flag1                                    0x20000064   Data           1  communication.o(.data)
    flag2                                    0x20000065   Data           1  communication.o(.data)
    uwTickFreq                               0x20000068   Data           1  stm32f4xx_hal.o(.data)
    uwTickPrio                               0x2000006c   Data           4  stm32f4xx_hal.o(.data)
    uwTick                                   0x20000070   Data           4  stm32f4xx_hal.o(.data)
    SystemCoreClock                          0x20000074   Data           4  system_stm32f4xx.o(.data)
    hadc1                                    0x20000078   Data          72  main.o(.bss)
    hi2c2                                    0x200000c0   Data          84  main.o(.bss)
    huart1                                   0x20000114   Data          68  main.o(.bss)
    huart6                                   0x20000158   Data          68  main.o(.bss)
    bufferr                                  0x2000019c   Data         100  main.o(.bss)
    adcBuffer                                0x20000200   Data          64  main.o(.bss)
    Rx                                       0x20000240   Data          50  main.o(.bss)
    tmp2                                     0x20000272   Data          50  main.o(.bss)
    hdma_adc1                                0x200002a4   Data          96  main.o(.bss)
    bufferrr                                 0x20000304   Data         100  sensor.o(.bss)
    y                                        0x20000368   Data          64  sensor.o(.bss)
    currentSegment                           0x200003a8   Data          64  sensor.o(.bss)
    openShortCircuit                         0x200003e8   Data          64  sensor.o(.bss)
    thresholdSegment                         0x20000428   Data          64  sensor.o(.bss)
    buff                                     0x20000468   Data          40  gui.o(.bss)
    zoneUse                                  0x20000490   Data          16  gui.o(.bss)
    temp1                                    0x200004a0   Data          40  gui.o(.bss)
    temp2                                    0x200004c8   Data          40  gui.o(.bss)
    temp3                                    0x200004f0   Data          40  gui.o(.bss)
    temp4                                    0x20000518   Data          40  gui.o(.bss)
    temp5                                    0x20000540   Data          40  gui.o(.bss)
    temp6                                    0x20000568   Data          40  gui.o(.bss)
    temp7                                    0x20000590   Data          40  gui.o(.bss)
    temp8                                    0x200005b8   Data          40  gui.o(.bss)
    temp9                                    0x200005e0   Data          40  gui.o(.bss)
    temp10                                   0x20000608   Data          40  gui.o(.bss)
    temp11                                   0x20000630   Data          40  gui.o(.bss)
    temp12                                   0x20000658   Data          40  gui.o(.bss)
    temp13                                   0x20000680   Data          40  gui.o(.bss)
    temp14                                   0x200006a8   Data          40  gui.o(.bss)
    temp15                                   0x200006d0   Data          40  gui.o(.bss)
    temp16                                   0x200006f8   Data          40  gui.o(.bss)
    __libspace_start                         0x20000720   Data          96  libspace.o(.bss)
    __temporary_stack_top$libspace           0x20000780   Data           0  libspace.o(.bss)



==============================================================================

Memory Map of the image

  Image Entry point : 0x08000189

  Load Region LR_IROM1 (Base: 0x08000000, Size: 0x00005d20, Max: 0x00100000, ABSOLUTE)

    Execution Region ER_IROM1 (Exec base: 0x08000000, Load base: 0x08000000, Size: 0x00005ca8, Max: 0x00100000, ABSOLUTE)

    Exec Addr    Load Addr    Size         Type   Attr      Idx    E Section Name        Object

    0x08000000   0x08000000   0x00000188   Data   RO            3    RESET               startup_stm32f407xx.o
    0x08000188   0x08000188   0x00000008   Code   RO         3165  * !!!main             c_w.l(__main.o)
    0x08000190   0x08000190   0x00000034   Code   RO         3403    !!!scatter          c_w.l(__scatter.o)
    0x080001c4   0x080001c4   0x0000001a   Code   RO         3405    !!handler_copy      c_w.l(__scatter_copy.o)
    0x080001de   0x080001de   0x00000002   PAD
    0x080001e0   0x080001e0   0x0000001c   Code   RO         3407    !!handler_zi        c_w.l(__scatter_zi.o)
    0x080001fc   0x080001fc   0x00000000   Code   RO         3154    .ARM.Collect$$_printf_percent$$00000000  c_w.l(_printf_percent.o)
    0x080001fc   0x080001fc   0x00000006   Code   RO         3153    .ARM.Collect$$_printf_percent$$00000003  c_w.l(_printf_f.o)
    0x08000202   0x08000202   0x00000006   Code   RO         3152    .ARM.Collect$$_printf_percent$$00000009  c_w.l(_printf_d.o)
    0x08000208   0x08000208   0x00000004   Code   RO         3188    .ARM.Collect$$_printf_percent$$00000017  c_w.l(_printf_percent_end.o)
    0x0800020c   0x0800020c   0x00000002   Code   RO         3276    .ARM.Collect$$libinit$$00000000  c_w.l(libinit.o)
    0x0800020e   0x0800020e   0x00000004   Code   RO         3277    .ARM.Collect$$libinit$$00000001  c_w.l(libinit2.o)
    0x08000212   0x08000212   0x00000000   Code   RO         3280    .ARM.Collect$$libinit$$00000004  c_w.l(libinit2.o)
    0x08000212   0x08000212   0x00000000   Code   RO         3283    .ARM.Collect$$libinit$$0000000A  c_w.l(libinit2.o)
    0x08000212   0x08000212   0x00000000   Code   RO         3285    .ARM.Collect$$libinit$$0000000C  c_w.l(libinit2.o)
    0x08000212   0x08000212   0x00000000   Code   RO         3287    .ARM.Collect$$libinit$$0000000E  c_w.l(libinit2.o)
    0x08000212   0x08000212   0x00000006   Code   RO         3288    .ARM.Collect$$libinit$$0000000F  c_w.l(libinit2.o)
    0x08000218   0x08000218   0x00000000   Code   RO         3290    .ARM.Collect$$libinit$$00000011  c_w.l(libinit2.o)
    0x08000218   0x08000218   0x00000000   Code   RO         3292    .ARM.Collect$$libinit$$00000013  c_w.l(libinit2.o)
    0x08000218   0x08000218   0x00000000   Code   RO         3294    .ARM.Collect$$libinit$$00000015  c_w.l(libinit2.o)
    0x08000218   0x08000218   0x0000000a   Code   RO         3295    .ARM.Collect$$libinit$$00000016  c_w.l(libinit2.o)
    0x08000222   0x08000222   0x00000000   Code   RO         3296    .ARM.Collect$$libinit$$00000017  c_w.l(libinit2.o)
    0x08000222   0x08000222   0x00000000   Code   RO         3298    .ARM.Collect$$libinit$$00000019  c_w.l(libinit2.o)
    0x08000222   0x08000222   0x00000000   Code   RO         3300    .ARM.Collect$$libinit$$0000001B  c_w.l(libinit2.o)
    0x08000222   0x08000222   0x00000000   Code   RO         3302    .ARM.Collect$$libinit$$0000001D  c_w.l(libinit2.o)
    0x08000222   0x08000222   0x00000000   Code   RO         3304    .ARM.Collect$$libinit$$0000001F  c_w.l(libinit2.o)
    0x08000222   0x08000222   0x00000000   Code   RO         3306    .ARM.Collect$$libinit$$00000021  c_w.l(libinit2.o)
    0x08000222   0x08000222   0x00000000   Code   RO         3308    .ARM.Collect$$libinit$$00000023  c_w.l(libinit2.o)
    0x08000222   0x08000222   0x00000000   Code   RO         3310    .ARM.Collect$$libinit$$00000025  c_w.l(libinit2.o)
    0x08000222   0x08000222   0x00000000   Code   RO         3314    .ARM.Collect$$libinit$$0000002C  c_w.l(libinit2.o)
    0x08000222   0x08000222   0x00000000   Code   RO         3316    .ARM.Collect$$libinit$$0000002E  c_w.l(libinit2.o)
    0x08000222   0x08000222   0x00000000   Code   RO         3318    .ARM.Collect$$libinit$$00000030  c_w.l(libinit2.o)
    0x08000222   0x08000222   0x00000000   Code   RO         3320    .ARM.Collect$$libinit$$00000032  c_w.l(libinit2.o)
    0x08000222   0x08000222   0x00000002   Code   RO         3321    .ARM.Collect$$libinit$$00000033  c_w.l(libinit2.o)
    0x08000224   0x08000224   0x00000002   Code   RO         3368    .ARM.Collect$$libshutdown$$00000000  c_w.l(libshutdown.o)
    0x08000226   0x08000226   0x00000000   Code   RO         3386    .ARM.Collect$$libshutdown$$00000002  c_w.l(libshutdown2.o)
    0x08000226   0x08000226   0x00000000   Code   RO         3388    .ARM.Collect$$libshutdown$$00000004  c_w.l(libshutdown2.o)
    0x08000226   0x08000226   0x00000000   Code   RO         3391    .ARM.Collect$$libshutdown$$00000007  c_w.l(libshutdown2.o)
    0x08000226   0x08000226   0x00000000   Code   RO         3394    .ARM.Collect$$libshutdown$$0000000A  c_w.l(libshutdown2.o)
    0x08000226   0x08000226   0x00000000   Code   RO         3396    .ARM.Collect$$libshutdown$$0000000C  c_w.l(libshutdown2.o)
    0x08000226   0x08000226   0x00000000   Code   RO         3399    .ARM.Collect$$libshutdown$$0000000F  c_w.l(libshutdown2.o)
    0x08000226   0x08000226   0x00000002   Code   RO         3400    .ARM.Collect$$libshutdown$$00000010  c_w.l(libshutdown2.o)
    0x08000228   0x08000228   0x00000000   Code   RO         3175    .ARM.Collect$$rtentry$$00000000  c_w.l(__rtentry.o)
    0x08000228   0x08000228   0x00000000   Code   RO         3199    .ARM.Collect$$rtentry$$00000002  c_w.l(__rtentry2.o)
    0x08000228   0x08000228   0x00000006   Code   RO         3211    .ARM.Collect$$rtentry$$00000004  c_w.l(__rtentry4.o)
    0x0800022e   0x0800022e   0x00000000   Code   RO         3201    .ARM.Collect$$rtentry$$00000009  c_w.l(__rtentry2.o)
    0x0800022e   0x0800022e   0x00000004   Code   RO         3202    .ARM.Collect$$rtentry$$0000000A  c_w.l(__rtentry2.o)
    0x08000232   0x08000232   0x00000000   Code   RO         3204    .ARM.Collect$$rtentry$$0000000C  c_w.l(__rtentry2.o)
    0x08000232   0x08000232   0x00000008   Code   RO         3205    .ARM.Collect$$rtentry$$0000000D  c_w.l(__rtentry2.o)
    0x0800023a   0x0800023a   0x00000002   Code   RO         3322    .ARM.Collect$$rtexit$$00000000  c_w.l(rtexit.o)
    0x0800023c   0x0800023c   0x00000000   Code   RO         3337    .ARM.Collect$$rtexit$$00000002  c_w.l(rtexit2.o)
    0x0800023c   0x0800023c   0x00000004   Code   RO         3338    .ARM.Collect$$rtexit$$00000003  c_w.l(rtexit2.o)
    0x08000240   0x08000240   0x00000006   Code   RO         3339    .ARM.Collect$$rtexit$$00000004  c_w.l(rtexit2.o)
    0x08000246   0x08000246   0x00000002   PAD
    0x08000248   0x08000248   0x00000040   Code   RO            4    .text               startup_stm32f407xx.o
    0x08000288   0x08000288   0x000000ee   Code   RO         3122    .text               c_w.l(lludivv7m.o)
    0x08000376   0x08000376   0x00000002   PAD
    0x08000378   0x08000378   0x00000028   Code   RO         3126    .text               c_w.l(noretval__2sprintf.o)
    0x080003a0   0x080003a0   0x00000078   Code   RO         3130    .text               c_w.l(_printf_dec.o)
    0x08000418   0x08000418   0x0000010e   Code   RO         3140    .text               c_w.l(__printf_wp.o)
    0x08000526   0x08000526   0x0000003e   Code   RO         3155    .text               c_w.l(strlen.o)
    0x08000564   0x08000564   0x00000044   Code   RO         3157    .text               c_w.l(rt_memclr.o)
    0x080005a8   0x080005a8   0x0000004e   Code   RO         3159    .text               c_w.l(rt_memclr_w.o)
    0x080005f6   0x080005f6   0x00000056   Code   RO         3161    .text               c_w.l(strncpy.o)
    0x0800064c   0x0800064c   0x00000006   Code   RO         3163    .text               c_w.l(heapauxi.o)
    0x08000652   0x08000652   0x000000b2   Code   RO         3180    .text               c_w.l(_printf_intcommon.o)
    0x08000704   0x08000704   0x0000041e   Code   RO         3182    .text               c_w.l(_printf_fp_dec.o)
    0x08000b22   0x08000b22   0x00000002   PAD
    0x08000b24   0x08000b24   0x00000030   Code   RO         3184    .text               c_w.l(_printf_char_common.o)
    0x08000b54   0x08000b54   0x0000000a   Code   RO         3186    .text               c_w.l(_sputc.o)
    0x08000b5e   0x08000b5e   0x00000002   PAD
    0x08000b60   0x08000b60   0x00000008   Code   RO         3218    .text               c_w.l(rt_locale_intlibspace.o)
    0x08000b68   0x08000b68   0x0000008a   Code   RO         3220    .text               c_w.l(lludiv10.o)
    0x08000bf2   0x08000bf2   0x00000002   PAD
    0x08000bf4   0x08000bf4   0x00000080   Code   RO         3222    .text               c_w.l(_printf_fp_infnan.o)
    0x08000c74   0x08000c74   0x000000e4   Code   RO         3226    .text               c_w.l(bigflt0.o)
    0x08000d58   0x08000d58   0x00000008   Code   RO         3258    .text               c_w.l(libspace.o)
    0x08000d60   0x08000d60   0x0000004a   Code   RO         3261    .text               c_w.l(sys_stackheap_outer.o)
    0x08000daa   0x08000daa   0x00000012   Code   RO         3263    .text               c_w.l(exit.o)
    0x08000dbc   0x08000dbc   0x00000080   Code   RO         3269    .text               c_w.l(strcmpv7m.o)
    0x08000e3c   0x08000e3c   0x0000000c   Code   RO         3334    .text               c_w.l(sys_exit.o)
    0x08000e48   0x08000e48   0x00000002   Code   RO         3355    .text               c_w.l(use_no_semi.o)
    0x08000e4a   0x08000e4a   0x00000000   Code   RO         3357    .text               c_w.l(indicate_semi.o)
    0x08000e4a   0x08000e4a   0x0000003e   Code   RO         3229    CL$$btod_d2e        c_w.l(btod.o)
    0x08000e88   0x08000e88   0x00000046   Code   RO         3231    CL$$btod_d2e_denorm_low  c_w.l(btod.o)
    0x08000ece   0x08000ece   0x00000060   Code   RO         3230    CL$$btod_d2e_norm_op1  c_w.l(btod.o)
    0x08000f2e   0x08000f2e   0x00000338   Code   RO         3239    CL$$btod_div_common  c_w.l(btod.o)
    0x08001266   0x08001266   0x000000dc   Code   RO         3236    CL$$btod_e2e        c_w.l(btod.o)
    0x08001342   0x08001342   0x0000002a   Code   RO         3233    CL$$btod_ediv       c_w.l(btod.o)
    0x0800136c   0x0800136c   0x0000002a   Code   RO         3232    CL$$btod_emul       c_w.l(btod.o)
    0x08001396   0x08001396   0x00000244   Code   RO         3238    CL$$btod_mult_common  c_w.l(btod.o)
    0x080015da   0x080015da   0x0000006e   Code   RO          832    i.ADC_DMAConvCplt   stm32f4xx_hal_adc.o
    0x08001648   0x08001648   0x00000016   Code   RO          833    i.ADC_DMAError      stm32f4xx_hal_adc.o
    0x0800165e   0x0800165e   0x0000000a   Code   RO          834    i.ADC_DMAHalfConvCplt  stm32f4xx_hal_adc.o
    0x08001668   0x08001668   0x00000128   Code   RO          835    i.ADC_Init          stm32f4xx_hal_adc.o
    0x08001790   0x08001790   0x00000002   Code   RO          199    i.BusFault_Handler  stm32f4xx_it.o
    0x08001792   0x08001792   0x00000002   PAD
    0x08001794   0x08001794   0x0000000c   Code   RO          200    i.DMA2_Stream0_IRQHandler  stm32f4xx_it.o
    0x080017a0   0x080017a0   0x00000028   Code   RO         1569    i.DMA_CalcBaseAndBitshift  stm32f4xx_hal_dma.o
    0x080017c8   0x080017c8   0x00000054   Code   RO         1570    i.DMA_CheckFifoParam  stm32f4xx_hal_dma.o
    0x0800181c   0x0800181c   0x00000028   Code   RO         1571    i.DMA_SetConfig     stm32f4xx_hal_dma.o
    0x08001844   0x08001844   0x00000028   Code   RO          490    i.DWT_Delay         dwt_delay.o
    0x0800186c   0x0800186c   0x00000028   Code   RO          491    i.DWT_Delayms       dwt_delay.o
    0x08001894   0x08001894   0x00000028   Code   RO          492    i.DWT_Init          dwt_delay.o
    0x080018bc   0x080018bc   0x00000002   Code   RO          201    i.DebugMon_Handler  stm32f4xx_it.o
    0x080018be   0x080018be   0x00000004   Code   RO           13    i.Error_Handler     main.o
    0x080018c2   0x080018c2   0x00000002   PAD
    0x080018c4   0x080018c4   0x0000014c   Code   RO          837    i.HAL_ADC_ConfigChannel  stm32f4xx_hal_adc.o
    0x08001a10   0x08001a10   0x00000002   Code   RO          838    i.HAL_ADC_ConvCpltCallback  stm32f4xx_hal_adc.o
    0x08001a12   0x08001a12   0x00000002   Code   RO          839    i.HAL_ADC_ConvHalfCpltCallback  stm32f4xx_hal_adc.o
    0x08001a14   0x08001a14   0x00000002   Code   RO          841    i.HAL_ADC_ErrorCallback  stm32f4xx_hal_adc.o
    0x08001a16   0x08001a16   0x00000054   Code   RO          846    i.HAL_ADC_Init      stm32f4xx_hal_adc.o
    0x08001a6a   0x08001a6a   0x00000002   PAD
    0x08001a6c   0x08001a6c   0x000000dc   Code   RO          298    i.HAL_ADC_MspInit   stm32f4xx_hal_msp.o
    0x08001b48   0x08001b48   0x00000154   Code   RO          853    i.HAL_ADC_Start_DMA  stm32f4xx_hal_adc.o
    0x08001c9c   0x08001c9c   0x00000092   Code   RO         1572    i.HAL_DMA_Abort     stm32f4xx_hal_dma.o
    0x08001d2e   0x08001d2e   0x00000024   Code   RO         1573    i.HAL_DMA_Abort_IT  stm32f4xx_hal_dma.o
    0x08001d52   0x08001d52   0x00000002   PAD
    0x08001d54   0x08001d54   0x000001a0   Code   RO         1577    i.HAL_DMA_IRQHandler  stm32f4xx_hal_dma.o
    0x08001ef4   0x08001ef4   0x000000d4   Code   RO         1578    i.HAL_DMA_Init      stm32f4xx_hal_dma.o
    0x08001fc8   0x08001fc8   0x0000006e   Code   RO         1582    i.HAL_DMA_Start_IT  stm32f4xx_hal_dma.o
    0x08002036   0x08002036   0x00000002   PAD
    0x08002038   0x08002038   0x00000024   Code   RO         1991    i.HAL_Delay         stm32f4xx_hal.o
    0x0800205c   0x0800205c   0x000001f0   Code   RO         1465    i.HAL_GPIO_Init     stm32f4xx_hal_gpio.o
    0x0800224c   0x0800224c   0x0000000a   Code   RO         1467    i.HAL_GPIO_ReadPin  stm32f4xx_hal_gpio.o
    0x08002256   0x08002256   0x00000010   Code   RO         1468    i.HAL_GPIO_TogglePin  stm32f4xx_hal_gpio.o
    0x08002266   0x08002266   0x0000000a   Code   RO         1469    i.HAL_GPIO_WritePin  stm32f4xx_hal_gpio.o
    0x08002270   0x08002270   0x0000000c   Code   RO         1997    i.HAL_GetTick       stm32f4xx_hal.o
    0x0800227c   0x0800227c   0x00000188   Code   RO         2253    i.HAL_I2C_Init      stm32f4xx_hal_i2c.o
    0x08002404   0x08002404   0x0000006c   Code   RO          300    i.HAL_I2C_MspInit   stm32f4xx_hal_msp.o
    0x08002470   0x08002470   0x00000010   Code   RO         2003    i.HAL_IncTick       stm32f4xx_hal.o
    0x08002480   0x08002480   0x00000034   Code   RO         2004    i.HAL_Init          stm32f4xx_hal.o
    0x080024b4   0x080024b4   0x00000040   Code   RO         2005    i.HAL_InitTick      stm32f4xx_hal.o
    0x080024f4   0x080024f4   0x00000030   Code   RO          301    i.HAL_MspInit       stm32f4xx_hal_msp.o
    0x08002524   0x08002524   0x0000001a   Code   RO         1854    i.HAL_NVIC_EnableIRQ  stm32f4xx_hal_cortex.o
    0x0800253e   0x0800253e   0x00000002   PAD
    0x08002540   0x08002540   0x00000040   Code   RO         1860    i.HAL_NVIC_SetPriority  stm32f4xx_hal_cortex.o
    0x08002580   0x08002580   0x00000024   Code   RO         1861    i.HAL_NVIC_SetPriorityGrouping  stm32f4xx_hal_cortex.o
    0x080025a4   0x080025a4   0x00000134   Code   RO         1111    i.HAL_RCC_ClockConfig  stm32f4xx_hal_rcc.o
    0x080026d8   0x080026d8   0x00000020   Code   RO         1118    i.HAL_RCC_GetPCLK1Freq  stm32f4xx_hal_rcc.o
    0x080026f8   0x080026f8   0x00000020   Code   RO         1119    i.HAL_RCC_GetPCLK2Freq  stm32f4xx_hal_rcc.o
    0x08002718   0x08002718   0x00000064   Code   RO         1120    i.HAL_RCC_GetSysClockFreq  stm32f4xx_hal_rcc.o
    0x0800277c   0x0800277c   0x0000036c   Code   RO         1123    i.HAL_RCC_OscConfig  stm32f4xx_hal_rcc.o
    0x08002ae8   0x08002ae8   0x00000028   Code   RO         1865    i.HAL_SYSTICK_Config  stm32f4xx_hal_cortex.o
    0x08002b10   0x08002b10   0x00000002   Code   RO         2739    i.HAL_UARTEx_RxEventCallback  stm32f4xx_hal_uart.o
    0x08002b12   0x08002b12   0x00000002   Code   RO         2753    i.HAL_UART_ErrorCallback  stm32f4xx_hal_uart.o
    0x08002b14   0x08002b14   0x00000268   Code   RO         2756    i.HAL_UART_IRQHandler  stm32f4xx_hal_uart.o
    0x08002d7c   0x08002d7c   0x00000062   Code   RO         2757    i.HAL_UART_Init     stm32f4xx_hal_uart.o
    0x08002dde   0x08002dde   0x00000002   PAD
    0x08002de0   0x08002de0   0x000000c8   Code   RO          303    i.HAL_UART_MspInit  stm32f4xx_hal_msp.o
    0x08002ea8   0x08002ea8   0x0000002a   Code   RO         2762    i.HAL_UART_Receive_IT  stm32f4xx_hal_uart.o
    0x08002ed2   0x08002ed2   0x00000002   PAD
    0x08002ed4   0x08002ed4   0x00000050   Code   RO           14    i.HAL_UART_RxCpltCallback  main.o
    0x08002f24   0x08002f24   0x00000002   Code   RO           15    i.HAL_UART_TxCpltCallback  main.o
    0x08002f26   0x08002f26   0x00000002   Code   RO          202    i.HardFault_Handler  stm32f4xx_it.o
    0x08002f28   0x08002f28   0x00000018   Code   RO          358    i.LCD_BlinkOff      lcd_lib.o
    0x08002f40   0x08002f40   0x00000018   Code   RO          359    i.LCD_BlinkOn       lcd_lib.o
    0x08002f58   0x08002f58   0x00000014   Code   RO          360    i.LCD_Clear         lcd_lib.o
    0x08002f6c   0x08002f6c   0x00000028   Code   RO          361    i.LCD_Cmd           lcd_lib.o
    0x08002f94   0x08002f94   0x00000080   Code   RO          362    i.LCD_Cmd4bit       lcd_lib.o
    0x08003014   0x08003014   0x00000030   Code   RO          366    i.LCD_CursorSet     lcd_lib.o
    0x08003044   0x08003044   0x00000024   Code   RO          367    i.LCD_Data          lcd_lib.o
    0x08003068   0x08003068   0x00000018   Code   RO          369    i.LCD_DisplayOn     lcd_lib.o
    0x08003080   0x08003080   0x00000090   Code   RO          370    i.LCD_Init          lcd_lib.o
    0x08003110   0x08003110   0x00000088   Code   RO          371    i.LCD_InitPins      lcd_lib.o
    0x08003198   0x08003198   0x00000080   Code   RO          373    i.LCD_Puts          lcd_lib.o
    0x08003218   0x08003218   0x0000005c   Code   RO          374    i.LCD_Putsxy        lcd_lib.o
    0x08003274   0x08003274   0x000001ac   Code   RO           16    i.MX_ADC1_Init      main.o
    0x08003420   0x08003420   0x00000190   Code   RO           17    i.MX_GPIO_Init      main.o
    0x080035b0   0x080035b0   0x00000002   Code   RO          203    i.MemManage_Handler  stm32f4xx_it.o
    0x080035b2   0x080035b2   0x00000002   Code   RO          204    i.NMI_Handler       stm32f4xx_it.o
    0x080035b4   0x080035b4   0x00000002   Code   RO          205    i.PendSV_Handler    stm32f4xx_it.o
    0x080035b6   0x080035b6   0x00000002   Code   RO          206    i.SVC_Handler       stm32f4xx_it.o
    0x080035b8   0x080035b8   0x0000000e   Code   RO          207    i.SysTick_Handler   stm32f4xx_it.o
    0x080035c6   0x080035c6   0x00000002   PAD
    0x080035c8   0x080035c8   0x00000094   Code   RO           18    i.SystemClock_Config  main.o
    0x0800365c   0x0800365c   0x00000010   Code   RO         3086    i.SystemInit        system_stm32f4xx.o
    0x0800366c   0x0800366c   0x00000010   Code   RO         2770    i.UART_DMAAbortOnError  stm32f4xx_hal_uart.o
    0x0800367c   0x0800367c   0x0000004e   Code   RO         2780    i.UART_EndRxTransfer  stm32f4xx_hal_uart.o
    0x080036ca   0x080036ca   0x000000c0   Code   RO         2782    i.UART_Receive_IT   stm32f4xx_hal_uart.o
    0x0800378a   0x0800378a   0x00000002   PAD
    0x0800378c   0x0800378c   0x0000010c   Code   RO         2783    i.UART_SetConfig    stm32f4xx_hal_uart.o
    0x08003898   0x08003898   0x00000036   Code   RO         2785    i.UART_Start_Receive_IT  stm32f4xx_hal_uart.o
    0x080038ce   0x080038ce   0x00000002   PAD
    0x080038d0   0x080038d0   0x0000000c   Code   RO          208    i.USART1_IRQHandler  stm32f4xx_it.o
    0x080038dc   0x080038dc   0x00000020   Code   RO          209    i.USART6_IRQHandler  stm32f4xx_it.o
    0x080038fc   0x080038fc   0x00000002   Code   RO          210    i.UsageFault_Handler  stm32f4xx_it.o
    0x080038fe   0x080038fe   0x00000030   Code   RO         3256    i.__ARM_fpclassify  m_wm.l(fpclassify.o)
    0x0800392e   0x0800392e   0x00000020   Code   RO         1867    i.__NVIC_SetPriority  stm32f4xx_hal_cortex.o
    0x0800394e   0x0800394e   0x0000000e   Code   RO         3142    i._is_digit         c_w.l(__printf_wp.o)
    0x0800395c   0x0800395c   0x00000016   Code   RO          664    i.buttonPress       gui.o
    0x08003972   0x08003972   0x00000002   PAD
    0x08003974   0x08003974   0x0000001c   Code   RO          603    i.buzzerBlink       io.o
    0x08003990   0x08003990   0x00000020   Code   RO          604    i.buzzerOff         io.o
    0x080039b0   0x080039b0   0x0000001c   Code   RO          605    i.buzzerOn          io.o
    0x080039cc   0x080039cc   0x000001d4   Code   RO          527    i.checkOverCurrentSensor  sensor.o
    0x08003ba0   0x08003ba0   0x00000178   Code   RO          528    i.checkSortAndOpenCircuit  sensor.o
    0x08003d18   0x08003d18   0x0000006c   Code   RO          529    i.getSensor         sensor.o
    0x08003d84   0x08003d84   0x00000016   Code   RO          665    i.interface         gui.o
    0x08003d9a   0x08003d9a   0x00000002   PAD
    0x08003d9c   0x08003d9c   0x0000019c   Code   RO          607    i.limitOn           io.o
    0x08003f38   0x08003f38   0x00000030   Code   RO          530    i.lowPassFilter     sensor.o
    0x08003f68   0x08003f68   0x00000214   Code   RO           19    i.main              main.o
    0x0800417c   0x0800417c   0x000000f8   Code   RO          666    i.menuScanSensor    gui.o
    0x08004274   0x08004274   0x00000120   Code   RO          667    i.menuSensingMode   gui.o
    0x08004394   0x08004394   0x0000005c   Code   RO          668    i.menuSetNameZone   gui.o
    0x080043f0   0x080043f0   0x00000154   Code   RO          669    i.menuSetThreshold  gui.o
    0x08004544   0x08004544   0x000000f8   Code   RO          531    i.modeCrossWire     sensor.o
    0x0800463c   0x0800463c   0x000003b4   Code   RO          532    i.modeSingleWire    sensor.o
    0x080049f0   0x080049f0   0x0000005c   Code   RO          670    i.muteFunction      gui.o
    0x08004a4c   0x08004a4c   0x00000300   Code   RO          671    i.namezone          gui.o
    0x08004d4c   0x08004d4c   0x000001a4   Code   RO          608    i.relayOff          io.o
    0x08004ef0   0x08004ef0   0x000001a4   Code   RO          609    i.relayOn           io.o
    0x08005094   0x08005094   0x000000ec   Code   RO          672    i.resetFunction     gui.o
    0x08005180   0x08005180   0x000001f4   Code   RO          533    i.scanSensor        sensor.o
    0x08005374   0x08005374   0x00000214   Code   RO          673    i.selectMenu        gui.o
    0x08005588   0x08005588   0x00000058   Code   RO          674    i.silentFunction    gui.o
    0x080055e0   0x080055e0   0x00000098   Code   RO          675    i.testFunction      gui.o
    0x08005678   0x08005678   0x000001b8   Code   RO          677    i.zone              gui.o
    0x08005830   0x08005830   0x0000002c   Code   RO         3252    locale$$code        c_w.l(lc_numeric_c.o)
    0x0800585c   0x0800585c   0x00000062   Code   RO         3167    x$fpl$d2f           fz_wm.l(d2f.o)
    0x080058be   0x080058be   0x00000002   PAD
    0x080058c0   0x080058c0   0x00000154   Code   RO         3169    x$fpl$dmul          fz_wm.l(dmul.o)
    0x08005a14   0x08005a14   0x0000009c   Code   RO         3189    x$fpl$dnaninf       fz_wm.l(dnaninf.o)
    0x08005ab0   0x08005ab0   0x0000000c   Code   RO         3191    x$fpl$dretinf       fz_wm.l(dretinf.o)
    0x08005abc   0x08005abc   0x00000056   Code   RO         3171    x$fpl$f2d           fz_wm.l(f2d.o)
    0x08005b12   0x08005b12   0x0000008c   Code   RO         3193    x$fpl$fnaninf       fz_wm.l(fnaninf.o)
    0x08005b9e   0x08005b9e   0x0000000a   Code   RO         3332    x$fpl$fpinit        fz_wm.l(fpinit.o)
    0x08005ba8   0x08005ba8   0x0000000a   Code   RO         3195    x$fpl$fretinf       fz_wm.l(fretinf.o)
    0x08005bb2   0x08005bb2   0x00000004   Code   RO         3173    x$fpl$printf1       fz_wm.l(printf1.o)
    0x08005bb6   0x08005bb6   0x00000000   Code   RO         3197    x$fpl$usenofp       fz_wm.l(usenofp.o)
    0x08005bb6   0x08005bb6   0x00000008   Data   RO         1584    .constdata          stm32f4xx_hal_dma.o
    0x08005bbe   0x08005bbe   0x00000010   Data   RO         3087    .constdata          system_stm32f4xx.o
    0x08005bce   0x08005bce   0x00000008   Data   RO         3088    .constdata          system_stm32f4xx.o
    0x08005bd6   0x08005bd6   0x00000002   PAD
    0x08005bd8   0x08005bd8   0x00000094   Data   RO         3227    .constdata          c_w.l(bigflt0.o)
    0x08005c6c   0x08005c6c   0x00000020   Data   RO         3401    Region$$Table       anon$$obj.o
    0x08005c8c   0x08005c8c   0x0000001c   Data   RO         3251    locale$$data        c_w.l(lc_numeric_c.o)


    Execution Region RW_IRAM2 (Exec base: 0x10000000, Load base: 0x08005d20, Size: 0x00000000, Max: 0x00010000, ABSOLUTE)

    **** No section assigned to this execution region ****


    Execution Region RW_IRAM1 (Exec base: 0x20000000, Load base: 0x08005ca8, Size: 0x00000d80, Max: 0x00020000, ABSOLUTE)

    Exec Addr    Load Addr    Size         Type   Attr      Idx    E Section Name        Object

    0x20000000   0x08005ca8   0x00000004   Data   RW           22    .data               main.o
    0x20000004   0x08005cac   0x00000007   Data   RW          377    .data               lcd_lib.o
    0x2000000b   0x08005cb3   0x00000001   PAD
    0x2000000c   0x08005cb4   0x00000014   Data   RW          535    .data               sensor.o
    0x20000020   0x08005cc8   0x00000043   Data   RW          682    .data               gui.o
    0x20000063   0x08005d0b   0x00000003   Data   RW          802    .data               communication.o
    0x20000066   0x08005d0e   0x00000002   PAD
    0x20000068   0x08005d10   0x0000000c   Data   RW         2011    .data               stm32f4xx_hal.o
    0x20000074   0x08005d1c   0x00000004   Data   RW         3089    .data               system_stm32f4xx.o
    0x20000078        -       0x0000022c   Zero   RW           20    .bss                main.o
    0x200002a4        -       0x00000060   Zero   RW           21    .bss                main.o
    0x20000304        -       0x00000164   Zero   RW          534    .bss                sensor.o
    0x20000468        -       0x000002b8   Zero   RW          678    .bss                gui.o
    0x20000720        -       0x00000060   Zero   RW         3259    .bss                c_w.l(libspace.o)
    0x20000780        -       0x00000200   Zero   RW            2    HEAP                startup_stm32f407xx.o
    0x20000980        -       0x00000400   Zero   RW            1    STACK               startup_stm32f407xx.o


==============================================================================

Image component sizes


      Code (inc. data)   RO Data    RW Data    ZI Data      Debug   Object Name

         0          0          0          3          0       1016   communication.o
       120         30          0          0          0       1725   dwt_delay.o
      3320       1306          0         67        696      42378   gui.o
      1340         64          0          0          0       4228   io.o
       844         68          0          7          0       8638   lcd_lib.o
      1594        212          0          4        652     687182   main.o
      2696        618          0         20        356       6557   sensor.o
        64         26        392          0       1536        888   startup_stm32f407xx.o
       180         28          0         12          0      10105   stm32f4xx_hal.o
      1200         66          0          0          0       8493   stm32f4xx_hal_adc.o
       198         14          0          0          0      34751   stm32f4xx_hal_cortex.o
      1084         16          8          0          0       8218   stm32f4xx_hal_dma.o
       532         46          0          0          0       4012   stm32f4xx_hal_gpio.o
       392         16          0          0          0       3363   stm32f4xx_hal_i2c.o
       576         70          0          0          0       3561   stm32f4xx_hal_msp.o
      1348         76          0          0          0       5840   stm32f4xx_hal_rcc.o
      1368         16          0          0          0       9678   stm32f4xx_hal_uart.o
        86         22          0          0          0       6232   stm32f4xx_it.o
        16          4         24          4          0       1335   system_stm32f4xx.o

    ----------------------------------------------------------------------
     16984       2698        458        120       3240     848200   Object Totals
         0          0         32          0          0          0   (incl. Generated)
        26          0          2          3          0          0   (incl. Padding)

    ----------------------------------------------------------------------

      Code (inc. data)   RO Data    RW Data    ZI Data      Debug   Library Member Name

         8          0          0          0          0         68   __main.o
       284          0          0          0          0        156   __printf_wp.o
         0          0          0          0          0          0   __rtentry.o
        12          0          0          0          0          0   __rtentry2.o
         6          0          0          0          0          0   __rtentry4.o
        52          8          0          0          0          0   __scatter.o
        26          0          0          0          0          0   __scatter_copy.o
        28          0          0          0          0          0   __scatter_zi.o
        48          6          0          0          0         96   _printf_char_common.o
         6          0          0          0          0          0   _printf_d.o
       120         16          0          0          0         92   _printf_dec.o
         6          0          0          0          0          0   _printf_f.o
      1054          0          0          0          0        216   _printf_fp_dec.o
       128         16          0          0          0         84   _printf_fp_infnan.o
       178          0          0          0          0         88   _printf_intcommon.o
         0          0          0          0          0          0   _printf_percent.o
         4          0          0          0          0          0   _printf_percent_end.o
        10          0          0          0          0         68   _sputc.o
       228          4        148          0          0         96   bigflt0.o
      1936        128          0          0          0        672   btod.o
        18          0          0          0          0         80   exit.o
         6          0          0          0          0        152   heapauxi.o
         0          0          0          0          0          0   indicate_semi.o
        44         10         28          0          0         76   lc_numeric_c.o
         2          0          0          0          0          0   libinit.o
        22          0          0          0          0          0   libinit2.o
         2          0          0          0          0          0   libshutdown.o
         2          0          0          0          0          0   libshutdown2.o
         8          4          0          0         96         68   libspace.o
       138          0          0          0          0         80   lludiv10.o
       238          0          0          0          0        100   lludivv7m.o
        40          6          0          0          0         84   noretval__2sprintf.o
         8          4          0          0          0         68   rt_locale_intlibspace.o
        68          0          0          0          0         68   rt_memclr.o
        78          0          0          0          0         80   rt_memclr_w.o
         2          0          0          0          0          0   rtexit.o
        10          0          0          0          0          0   rtexit2.o
       128          0          0          0          0         68   strcmpv7m.o
        62          0          0          0          0         76   strlen.o
        86          0          0          0          0         76   strncpy.o
        12          4          0          0          0         68   sys_exit.o
        74          0          0          0          0         80   sys_stackheap_outer.o
         2          0          0          0          0         68   use_no_semi.o
        98          4          0          0          0        140   d2f.o
       340         12          0          0          0        152   dmul.o
       156          4          0          0          0        140   dnaninf.o
        12          0          0          0          0        116   dretinf.o
        86          4          0          0          0        132   f2d.o
       140          4          0          0          0        132   fnaninf.o
        10          0          0          0          0        116   fpinit.o
        10          0          0          0          0        116   fretinf.o
         4          0          0          0          0        116   printf1.o
         0          0          0          0          0          0   usenofp.o
        48          0          0          0          0        124   fpclassify.o

    ----------------------------------------------------------------------
      6102        234        176          0         96       4212   Library Totals
        14          0          0          0          0          0   (incl. Padding)

    ----------------------------------------------------------------------

      Code (inc. data)   RO Data    RW Data    ZI Data      Debug   Library Name

      5184        206        176          0         96       2928   c_w.l
       856         28          0          0          0       1160   fz_wm.l
        48          0          0          0          0        124   m_wm.l

    ----------------------------------------------------------------------
      6102        234        176          0         96       4212   Library Totals

    ----------------------------------------------------------------------

==============================================================================


      Code (inc. data)   RO Data    RW Data    ZI Data      Debug   

     23086       2932        634        120       3336     839600   Grand Totals
     23086       2932        634        120       3336     839600   ELF Image Totals
     23086       2932        634        120          0          0   ROM Totals

==============================================================================

    Total RO  Size (Code + RO Data)                23720 (  23.16kB)
    Total RW  Size (RW Data + ZI Data)              3456 (   3.38kB)
    Total ROM Size (Code + RO Data + RW Data)      23840 (  23.28kB)

==============================================================================

